# using postmaster on /tmp/pgxbench-90xgcc0f, port 54330
ok 1         - test_setup                                166 ms
# parallel group (20 tests):  char varchar oid name int2 txid text int4 pg_lsn regproc money boolean float4 int8 float8 bit enum uuid numeric rangetypes
ok 2         + boolean                                    66 ms
ok 3         + char                                       41 ms
ok 4         + name                                       53 ms
ok 5         + varchar                                    42 ms
ok 6         + text                                       59 ms
ok 7         + int2                                       53 ms
ok 8         + int4                                       59 ms
ok 9         + int8                                       67 ms
ok 10        + oid                                        44 ms
ok 11        + float4                                     64 ms
ok 12        + float8                                     70 ms
ok 13        + bit                                        75 ms
ok 14        + numeric                                   146 ms
ok 15        + txid                                       55 ms
ok 16        + uuid                                       84 ms
ok 17        + enum                                       78 ms
ok 18        + money                                      58 ms
ok 19        + rangetypes                                199 ms
ok 20        + pg_lsn                                     55 ms
ok 21        + regproc                                    55 ms
# parallel group (20 tests):  md5 lseg circle path line point time macaddr timetz macaddr8 numerology inet date interval strings polygon box multirangetypes timestamp timestamptz
ok 22        + strings                                    99 ms
ok 23        + md5                                        31 ms
ok 24        + numerology                                 57 ms
ok 25        + point                                      47 ms
ok 26        + lseg                                       38 ms
ok 27        + line                                       44 ms
ok 28        + box                                       124 ms
ok 29        + path                                       42 ms
ok 30        + polygon                                   112 ms
ok 31        + circle                                     39 ms
ok 32        + date                                       66 ms
ok 33        + time                                       47 ms
ok 34        + timetz                                     53 ms
ok 35        + timestamp                                 391 ms
ok 36        + timestamptz                               417 ms
ok 37        + interval                                   75 ms
ok 38        + inet                                       57 ms
ok 39        + macaddr                                    45 ms
ok 40        + macaddr8                                   47 ms
ok 41        + multirangetypes                           129 ms
# parallel group (16 tests):  comments misc_sanity euc_kr unicode xid mvcc expressions encoding type_sanity tstypes geometry horology stats_import opr_sanity regex database
ok 42        + geometry                                   82 ms
ok 43        + horology                                   83 ms
ok 44        + tstypes                                    72 ms
ok 45        + regex                                     247 ms
ok 46        + type_sanity                                69 ms
ok 47        + opr_sanity                                199 ms
ok 48        + misc_sanity                                29 ms
ok 49        + comments                                   25 ms
ok 50        + expressions                                60 ms
ok 51        + unicode                                    34 ms
ok 52        + xid                                        47 ms
ok 53        + mvcc                                       56 ms
ok 54        + database                                  360 ms
ok 55        + stats_import                              104 ms
ok 56        + encoding                                   61 ms
ok 57        + euc_kr                                     23 ms
# parallel group (6 tests):  copyencoding copyselect copydml copy insert_conflict insert
ok 58        + copy                                       65 ms
ok 59        + copyselect                                 24 ms
ok 60        + copydml                                    26 ms
ok 61        + copyencoding                               17 ms
ok 62        + insert                                    168 ms
ok 63        + insert_conflict                            87 ms
# parallel group (7 tests):  create_function_c create_operator create_schema create_type create_procedure create_misc create_table
ok 64        + create_function_c                          13 ms
ok 65        + create_misc                                38 ms
ok 66        + create_operator                            23 ms
ok 67        + create_procedure                           33 ms
ok 68        + create_table                              153 ms
ok 69        + create_type                                30 ms
ok 70        + create_schema                              26 ms
# parallel group (5 tests):  index_including index_including_gist create_view create_index_spgist create_index
ok 71        + create_index                              374 ms
ok 72        + create_index_spgist                       191 ms
ok 73        + create_view                               144 ms
ok 74        + index_including                            88 ms
ok 75        + index_including_gist                      132 ms
# parallel group (16 tests):  create_cast hash_func create_aggregate errors roleattributes select drop_if_exists typed_table create_function_sql create_am infinite_recurse vacuum constraints updatable_views triggers inherit
ok 76        + create_aggregate                           59 ms
ok 77        + create_function_sql                       127 ms
ok 78        + create_cast                                40 ms
ok 79        + constraints                               362 ms
ok 80        + triggers                                  460 ms
ok 81        + select                                     72 ms
ok 82        + inherit                                   526 ms
ok 83        + typed_table                                94 ms
ok 84        + vacuum                                    271 ms
ok 85        + drop_if_exists                             80 ms
ok 86        + updatable_views                           367 ms
ok 87        + roleattributes                             63 ms
ok 88        + create_am                                 128 ms
ok 89        + hash_func                                  50 ms
ok 90        + errors                                     54 ms
ok 91        + infinite_recurse                          193 ms
ok 92        - sanity_check                              109 ms
# parallel group (20 tests):  prepared_xacts select_distinct_on select_having delete select_implicit random case namespace select_into select_distinct union portals transactions subselect arrays update aggregates join hash_index btree_index
ok 93        + select_into                                79 ms
not ok 94    + select_distinct                            98 ms
ok 95        + select_distinct_on                         49 ms
ok 96        + select_implicit                            56 ms
ok 97        + select_having                              51 ms
ok 98        + subselect                                 179 ms
ok 99        + union                                     124 ms
ok 100       + case                                       72 ms
ok 101       + join                                      368 ms
ok 102       + aggregates                                306 ms
ok 103       + transactions                              130 ms
ok 104       + random                                     71 ms
not ok 105   + portals                                   127 ms
ok 106       + arrays                                    183 ms
ok 107       + btree_index                               623 ms
ok 108       + hash_index                                442 ms
ok 109       + update                                    250 ms
ok 110       + delete                                     52 ms
ok 111       + namespace                                  69 ms
ok 112       + prepared_xacts                             37 ms
# parallel group (20 tests):  init_privs drop_operator security_label tablesample password lock object_address collate replica_identity groupingsets identity matview spgist gist generated_stored rowsecurity gin join_hash brin privileges
ok 113       + brin                                      752 ms
ok 114       + gin                                       572 ms
ok 115       + gist                                      444 ms
ok 116       + spgist                                    368 ms
ok 117       + privileges                                896 ms
ok 118       + init_privs                                 45 ms
ok 119       + security_label                             75 ms
ok 120       + collate                                   169 ms
ok 121       + matview                                   350 ms
ok 122       + lock                                      136 ms
ok 123       + replica_identity                          178 ms
ok 124       + rowsecurity                               488 ms
ok 125       + object_address                            143 ms
ok 126       + tablesample                               107 ms
ok 127       + groupingsets                              220 ms
ok 128       + drop_operator                              52 ms
ok 129       + password                                  130 ms
ok 130       + identity                                  344 ms
ok 131       + generated_stored                          476 ms
ok 132       + join_hash                                 735 ms
# parallel group (2 tests):  brin_bloom brin_multi
ok 133       + brin_bloom                                 56 ms
ok 134       + brin_multi                                142 ms
# parallel group (19 tests):  async dbsize tidrangescan tidscan tsrf tid alter_operator collate.utf8 misc create_role incremental_sort alter_generic sysviews misc_functions merge create_table_like generated_virtual collate.icu.utf8 without_overlaps
ok 135       + create_table_like                         380 ms
ok 136       + alter_generic                             217 ms
ok 137       + alter_operator                            145 ms
ok 138       + misc                                      158 ms
ok 139       + async                                      53 ms
ok 140       + dbsize                                     61 ms
ok 141       + merge                                     366 ms
ok 142       + misc_functions                            259 ms
ok 143       + sysviews                                  244 ms
ok 144       + tsrf                                      137 ms
ok 145       + tid                                       139 ms
ok 146       + tidscan                                   121 ms
ok 147       + tidrangescan                              115 ms
ok 148       + collate.utf8                              141 ms
ok 149       + collate.icu.utf8                          427 ms
not ok 150   + incremental_sort                          179 ms
ok 151       + create_role                               165 ms
ok 152       + without_overlaps                          530 ms
ok 153       + generated_virtual                         421 ms
# parallel group (8 tests):  collate.windows.win1252 collate.linux.utf8 amutils psql_crosstab psql_pipeline rules psql stats_ext
ok 154       + rules                                     178 ms
ok 155       + psql                                      197 ms
ok 156       + psql_crosstab                              28 ms
ok 157       + psql_pipeline                              38 ms
ok 158       + amutils                                    20 ms
ok 159       + stats_ext                                1015 ms
ok 160       + collate.linux.utf8                         18 ms
ok 161       + collate.windows.win1252                    13 ms
not ok 162   - select_parallel                           229 ms
ok 163       - write_parallel                             27 ms
ok 164       - vacuum_parallel                            52 ms
ok 165       - maintain_every                             21 ms
# parallel group (2 tests):  subscription publication
ok 166       + publication                               195 ms
ok 167       + subscription                               49 ms
# parallel group (17 tests):  portals_p2 advisory_lock combocid xmlmap functional_deps dependency equivclass tsdicts select_views guc indirect_toast window tsearch bitmapops cluster foreign_data foreign_key
ok 168       + select_views                               92 ms
ok 169       + portals_p2                                 57 ms
ok 170       + foreign_key                               595 ms
ok 171       + cluster                                   201 ms
ok 172       + dependency                                 81 ms
ok 173       + guc                                       101 ms
ok 174       + bitmapops                                 178 ms
ok 175       + combocid                                   61 ms
ok 176       + tsearch                                   166 ms
ok 177       + tsdicts                                    90 ms
ok 178       + foreign_data                              287 ms
ok 179       + window                                    150 ms
ok 180       + xmlmap                                     65 ms
ok 181       + functional_deps                            67 ms
ok 182       + advisory_lock                              56 ms
ok 183       + indirect_toast                            108 ms
ok 184       + equivclass                                 78 ms
# parallel group (9 tests):  jsonpath_encoding json_encoding jsonpath sqljson_jsontable sqljson json sqljson_queryfuncs jsonb_jsonpath jsonb
ok 185       + json                                       94 ms
ok 186       + jsonb                                     170 ms
ok 187       + json_encoding                              24 ms
ok 188       + jsonpath                                   51 ms
ok 189       + jsonpath_encoding                          19 ms
ok 190       + jsonb_jsonpath                            124 ms
ok 191       + sqljson                                    72 ms
ok 192       + sqljson_queryfuncs                        102 ms
ok 193       + sqljson_jsontable                          63 ms
# parallel group (18 tests):  prepare limit plancache conversion returning rowtypes sequence copy2 polymorphism with temp rangefuncs truncate largeobject domain xml plpgsql alter_table
ok 194       + plancache                                 101 ms
ok 195       + limit                                      88 ms
not ok 196   + plpgsql                                   382 ms
ok 197       + copy2                                     201 ms
ok 198       + temp                                      211 ms
ok 199       + domain                                    257 ms
ok 200       + rangefuncs                                223 ms
ok 201       + prepare                                    58 ms
ok 202       + conversion                                107 ms
ok 203       + truncate                                  224 ms
ok 204       + alter_table                               845 ms
ok 205       + sequence                                  185 ms
ok 206       + polymorphism                              199 ms
ok 207       + rowtypes                                  171 ms
ok 208       + returning                                 141 ms
ok 209       + largeobject                               229 ms
ok 210       + with                                      196 ms
ok 211       + xml                                       342 ms
# parallel group (13 tests):  numa hash_part predicate reloptions explain partition_info memoize partition_aggregate tuplesort partition_prune partition_join indexing stats
ok 212       + partition_join                            529 ms
not ok 213   + partition_prune                           429 ms
ok 214       + reloptions                                 87 ms
ok 215       + hash_part                                  63 ms
ok 216       + indexing                                  739 ms
not ok 217   + partition_aggregate                       375 ms
ok 218       + partition_info                             97 ms
ok 219       + tuplesort                                 393 ms
ok 220       + explain                                    88 ms
ok 221       + memoize                                   134 ms
ok 222       + stats                                    1115 ms
ok 223       + predicate                                  77 ms
ok 224       + numa                                       26 ms
# parallel group (2 tests):  compression_pglz compression
ok 225       + compression                                68 ms
ok 226       + compression_pglz                           14 ms
# parallel group (2 tests):  oidjoins event_trigger
ok 227       + oidjoins                                   97 ms
ok 228       + event_trigger                             113 ms
ok 229       - event_trigger_login                        16 ms
ok 230       - fast_default                               92 ms
ok 231       - tablespace                                170 ms
1..231
# 7 of 231 tests failed.
# The differences that caused some tests to fail can be viewed in the file "/Users/alex/GPT/postgresrun/pgrust-pgx/benchmarks/pgx/results/phase1a-7a7c305df8/3c-parallel-off/regress/regression.diffs".
# A copy of the test summary that you see above is saved in the file "/Users/alex/GPT/postgresrun/pgrust-pgx/benchmarks/pgx/results/phase1a-7a7c305df8/3c-parallel-off/regress/regression.out".
