# using postmaster on /tank/pgx-bench/pgxbench-rjnize5z, port 54330
ok 1         - test_setup                                318 ms
# parallel group (20 tests):  char oid varchar txid name int4 text pg_lsn int2 regproc boolean money float4 int8 uuid float8 bit enum numeric rangetypes
ok 2         + boolean                                   181 ms
ok 3         + char                                       95 ms
ok 4         + name                                      124 ms
ok 5         + varchar                                   118 ms
ok 6         + text                                      158 ms
ok 7         + int2                                      177 ms
ok 8         + int4                                      145 ms
ok 9         + int8                                      206 ms
ok 10        + oid                                       107 ms
ok 11        + float4                                    199 ms
ok 12        + float8                                    242 ms
ok 13        + bit                                       268 ms
ok 14        + numeric                                   545 ms
ok 15        + txid                                      110 ms
ok 16        + uuid                                      218 ms
ok 17        + enum                                      284 ms
ok 18        + money                                     178 ms
ok 19        + rangetypes                                699 ms
ok 20        + pg_lsn                                    141 ms
ok 21        + regproc                                   157 ms
# parallel group (20 tests):  md5 time lseg path circle line timetz macaddr point numerology date macaddr8 inet interval polygon box strings timestamp timestamptz multirangetypes
ok 22        + strings                                   394 ms
ok 23        + md5                                        71 ms
ok 24        + numerology                                169 ms
ok 25        + point                                     163 ms
ok 26        + lseg                                       74 ms
ok 27        + line                                      138 ms
ok 28        + box                                       388 ms
ok 29        + path                                       92 ms
ok 30        + polygon                                   293 ms
ok 31        + circle                                    122 ms
ok 32        + date                                      191 ms
ok 33        + time                                       61 ms
ok 34        + timetz                                    129 ms
ok 35        + timestamp                                 502 ms
ok 36        + timestamptz                               553 ms
ok 37        + interval                                  233 ms
ok 38        + inet                                      181 ms
ok 39        + macaddr                                   130 ms
ok 40        + macaddr8                                  176 ms
ok 41        + multirangetypes                           559 ms
# parallel group (16 tests):  euc_kr comments misc_sanity encoding unicode xid mvcc horology expressions type_sanity tstypes geometry stats_import opr_sanity database regex
ok 42        + geometry                                  354 ms
ok 43        + horology                                  277 ms
ok 44        + tstypes                                   300 ms
ok 45        + regex                                    1058 ms
ok 46        + type_sanity                               279 ms
ok 47        + opr_sanity                                732 ms
ok 48        + misc_sanity                                92 ms
ok 49        + comments                                   62 ms
ok 50        + expressions                               272 ms
ok 51        + unicode                                   125 ms
ok 52        + xid                                       176 ms
ok 53        + mvcc                                      249 ms
ok 54        + database                                 1045 ms
ok 55        + stats_import                              447 ms
ok 56        + encoding                                  103 ms
ok 57        + euc_kr                                     16 ms
# parallel group (6 tests):  copyencoding copyselect copydml copy insert_conflict insert
ok 58        + copy                                      197 ms
ok 59        + copyselect                                 62 ms
ok 60        + copydml                                    97 ms
ok 61        + copyencoding                               35 ms
ok 62        + insert                                    725 ms
ok 63        + insert_conflict                           322 ms
# parallel group (7 tests):  create_function_c create_operator create_schema create_type create_procedure create_misc create_table
ok 64        + create_function_c                          14 ms
ok 65        + create_misc                               158 ms
ok 66        + create_operator                            71 ms
ok 67        + create_procedure                          131 ms
ok 68        + create_table                              655 ms
ok 69        + create_type                               124 ms
ok 70        + create_schema                              88 ms
# parallel group (5 tests):  index_including index_including_gist create_index_spgist create_view create_index
not ok 71    + create_index                             1281 ms
ok 72        + create_index_spgist                       532 ms
ok 73        + create_view                               679 ms
ok 74        + index_including                           442 ms
ok 75        + index_including_gist                      461 ms
# parallel group (16 tests):  errors create_cast hash_func create_aggregate roleattributes select drop_if_exists typed_table create_am infinite_recurse create_function_sql vacuum constraints updatable_views triggers inherit
ok 76        + create_aggregate                          234 ms
ok 77        + create_function_sql                       492 ms
ok 78        + create_cast                               120 ms
ok 79        + constraints                              1512 ms
ok 80        + triggers                                 2156 ms
ok 81        + select                                    261 ms
ok 82        + inherit                                  2179 ms
ok 83        + typed_table                               314 ms
ok 84        + vacuum                                    991 ms
ok 85        + drop_if_exists                            290 ms
ok 86        + updatable_views                          1760 ms
ok 87        + roleattributes                            219 ms
ok 88        + create_am                                 396 ms
ok 89        + hash_func                                 194 ms
ok 90        + errors                                     82 ms
ok 91        + infinite_recurse                          438 ms
ok 92        - sanity_check                              226 ms
# parallel group (20 tests):  prepared_xacts delete select_having select_distinct_on select_implicit select_into case namespace random select_distinct union portals transactions arrays subselect update aggregates join btree_index hash_index
ok 93        + select_into                               236 ms
not ok 94    + select_distinct                           341 ms
ok 95        + select_distinct_on                        186 ms
ok 96        + select_implicit                           190 ms
ok 97        + select_having                             162 ms
not ok 98    + subselect                                 818 ms
ok 99        + union                                     489 ms
ok 100       + case                                      241 ms
not ok 101   + join                                     1469 ms
ok 102       + aggregates                               1318 ms
ok 103       + transactions                              520 ms
ok 104       + random                                    290 ms
not ok 105   + portals                                   509 ms
ok 106       + arrays                                    766 ms
ok 107       + btree_index                              2096 ms
ok 108       + hash_index                               2149 ms
ok 109       + update                                   1148 ms
ok 110       + delete                                     91 ms
ok 111       + namespace                                 218 ms
ok 112       + prepared_xacts                             55 ms
# parallel group (20 tests):  init_privs drop_operator security_label tablesample lock collate replica_identity password object_address groupingsets matview spgist identity gist generated_stored gin join_hash brin rowsecurity privileges
ok 113       + brin                                     2635 ms
ok 114       + gin                                      2544 ms
ok 115       + gist                                     1933 ms
ok 116       + spgist                                   1740 ms
ok 117       + privileges                               3097 ms
ok 118       + init_privs                                126 ms
ok 119       + security_label                            254 ms
ok 120       + collate                                   724 ms
ok 121       + matview                                  1576 ms
ok 122       + lock                                      614 ms
ok 123       + replica_identity                          753 ms
ok 124       + rowsecurity                              2718 ms
ok 125       + object_address                            960 ms
ok 126       + tablesample                               317 ms
ok 127       + groupingsets                             1247 ms
ok 128       + drop_operator                             187 ms
ok 129       + password                                  786 ms
ok 130       + identity                                 1852 ms
ok 131       + generated_stored                         2468 ms
ok 132       + join_hash                                2589 ms
# parallel group (2 tests):  brin_bloom brin_multi
ok 133       + brin_bloom                                135 ms
ok 134       + brin_multi                                446 ms
# parallel group (19 tests):  async dbsize tidrangescan tidscan sysviews collate.utf8 tid alter_operator tsrf misc misc_functions create_role incremental_sort alter_generic merge create_table_like collate.icu.utf8 generated_virtual without_overlaps
ok 135       + create_table_like                        1082 ms
ok 136       + alter_generic                             601 ms
ok 137       + alter_operator                            265 ms
ok 138       + misc                                      366 ms
ok 139       + async                                      27 ms
ok 140       + dbsize                                    102 ms
ok 141       + merge                                    1042 ms
ok 142       + misc_functions                            384 ms
ok 143       + sysviews                                  194 ms
ok 144       + tsrf                                      276 ms
ok 145       + tid                                       237 ms
not ok 146   + tidscan                                   170 ms
ok 147       + tidrangescan                              150 ms
ok 148       + collate.utf8                              196 ms
ok 149       + collate.icu.utf8                         1177 ms
not ok 150   + incremental_sort                          500 ms
ok 151       + create_role                               393 ms
ok 152       + without_overlaps                         1632 ms
ok 153       + generated_virtual                        1374 ms
# parallel group (8 tests):  collate.windows.win1252 collate.linux.utf8 amutils psql_crosstab psql_pipeline psql rules stats_ext
ok 154       + rules                                     790 ms
ok 155       + psql                                      742 ms
ok 156       + psql_crosstab                              61 ms
ok 157       + psql_pipeline                              88 ms
ok 158       + amutils                                    51 ms
ok 159       + stats_ext                                3395 ms
ok 160       + collate.linux.utf8                         21 ms
ok 161       + collate.windows.win1252                    20 ms
ok 162       - select_parallel                           630 ms
ok 163       - write_parallel                             67 ms
ok 164       - vacuum_parallel                           153 ms
ok 165       - maintain_every                             48 ms
# parallel group (2 tests):  subscription publication
ok 166       + publication                               924 ms
ok 167       + subscription                              117 ms
# parallel group (17 tests):  portals_p2 combocid advisory_lock xmlmap tsdicts functional_deps guc dependency select_views equivclass indirect_toast bitmapops window tsearch cluster foreign_data foreign_key
ok 168       + select_views                              470 ms
ok 169       + portals_p2                                 76 ms
ok 170       + foreign_key                              2578 ms
ok 171       + cluster                                   845 ms
ok 172       + dependency                                409 ms
ok 173       + guc                                       365 ms
ok 174       + bitmapops                                 561 ms
ok 175       + combocid                                  100 ms
ok 176       + tsearch                                   792 ms
ok 177       + tsdicts                                   307 ms
ok 178       + foreign_data                             1425 ms
ok 179       + window                                    752 ms
ok 180       + xmlmap                                    218 ms
ok 181       + functional_deps                           336 ms
ok 182       + advisory_lock                             140 ms
ok 183       + indirect_toast                            500 ms
ok 184       + equivclass                                475 ms
# parallel group (9 tests):  json_encoding jsonpath_encoding jsonpath sqljson_jsontable sqljson sqljson_queryfuncs json jsonb_jsonpath jsonb
ok 185       + json                                      316 ms
ok 186       + jsonb                                     471 ms
ok 187       + json_encoding                              39 ms
ok 188       + jsonpath                                   80 ms
ok 189       + jsonpath_encoding                          58 ms
ok 190       + jsonb_jsonpath                            334 ms
ok 191       + sqljson                                   236 ms
ok 192       + sqljson_queryfuncs                        265 ms
ok 193       + sqljson_jsontable                         203 ms
# parallel group (18 tests):  prepare limit plancache conversion returning temp sequence rowtypes copy2 with largeobject polymorphism truncate rangefuncs xml domain plpgsql alter_table
ok 194       + plancache                                 422 ms
not ok 195   + limit                                     392 ms
ok 196       + plpgsql                                  1928 ms
ok 197       + copy2                                     769 ms
ok 198       + temp                                      724 ms
ok 199       + domain                                   1340 ms
ok 200       + rangefuncs                               1127 ms
ok 201       + prepare                                   167 ms
ok 202       + conversion                                586 ms
ok 203       + truncate                                  982 ms
ok 204       + alter_table                              3404 ms
ok 205       + sequence                                  738 ms
ok 206       + polymorphism                              938 ms
ok 207       + rowtypes                                  749 ms
ok 208       + returning                                 618 ms
ok 209       + largeobject                               895 ms
ok 210       + with                                      877 ms
ok 211       + xml                                      1258 ms
# parallel group (13 tests):  numa hash_part predicate reloptions partition_info explain memoize tuplesort partition_aggregate partition_prune partition_join indexing stats
not ok 212   + partition_join                           2194 ms
not ok 213   + partition_prune                          1728 ms
ok 214       + reloptions                                225 ms
ok 215       + hash_part                                  94 ms
ok 216       + indexing                                 2500 ms
not ok 217   + partition_aggregate                      1197 ms
ok 218       + partition_info                            219 ms
ok 219       + tuplesort                                1165 ms
ok 220       + explain                                   277 ms
not ok 221   + memoize                                   454 ms
ok 222       + stats                                    2869 ms
ok 223       + predicate                                 109 ms
ok 224       + numa                                       54 ms
# parallel group (2 tests):  compression_pglz compression
ok 225       + compression                               277 ms
ok 226       + compression_pglz                           21 ms
# parallel group (2 tests):  oidjoins event_trigger
ok 227       + oidjoins                                  301 ms
ok 228       + event_trigger                             384 ms
ok 229       - event_trigger_login                        36 ms
ok 230       - fast_default                              346 ms
ok 231       - tablespace                                728 ms
1..231
# 12 of 231 tests failed.
# The differences that caused some tests to fail can be viewed in the file "/home/ubuntu/pgrust/benchmarks/pgx/results/vps-d2a3c460-d48f587da0/regress/regression.diffs".
# A copy of the test summary that you see above is saved in the file "/home/ubuntu/pgrust/benchmarks/pgx/results/vps-d2a3c460-d48f587da0/regress/regression.out".
