# using postmaster on /tmp/pgxbench-ujp8ejdm, port 54330
ok 1         - test_setup                                208 ms
# parallel group (20 tests):  char varchar oid name pg_lsn txid money float4 int2 int4 boolean text int8 regproc float8 bit enum uuid numeric rangetypes
ok 2         + boolean                                    68 ms
ok 3         + char                                       52 ms
ok 4         + name                                       59 ms
ok 5         + varchar                                    53 ms
ok 6         + text                                       68 ms
ok 7         + int2                                       65 ms
ok 8         + int4                                       66 ms
ok 9         + int8                                       72 ms
ok 10        + oid                                        53 ms
ok 11        + float4                                     63 ms
ok 12        + float8                                     77 ms
ok 13        + bit                                        79 ms
ok 14        + numeric                                   154 ms
ok 15        + txid                                       61 ms
ok 16        + uuid                                       90 ms
ok 17        + enum                                       81 ms
ok 18        + money                                      61 ms
ok 19        + rangetypes                                211 ms
ok 20        + pg_lsn                                     58 ms
ok 21        + regproc                                    70 ms
# parallel group (20 tests):  md5 line path lseg circle time point timetz macaddr numerology macaddr8 date inet interval strings polygon box multirangetypes timestamp timestamptz
ok 22        + strings                                   106 ms
ok 23        + md5                                        35 ms
ok 24        + numerology                                 59 ms
ok 25        + point                                      53 ms
ok 26        + lseg                                       41 ms
ok 27        + line                                       40 ms
ok 28        + box                                       129 ms
ok 29        + path                                       40 ms
ok 30        + polygon                                   119 ms
ok 31        + circle                                     43 ms
ok 32        + date                                       67 ms
ok 33        + time                                       49 ms
ok 34        + timetz                                     50 ms
ok 35        + timestamp                                 387 ms
ok 36        + timestamptz                               414 ms
ok 37        + interval                                   78 ms
ok 38        + inet                                       65 ms
ok 39        + macaddr                                    51 ms
ok 40        + macaddr8                                   54 ms
ok 41        + multirangetypes                           141 ms
# parallel group (16 tests):  comments euc_kr misc_sanity unicode mvcc expressions xid encoding tstypes type_sanity geometry horology stats_import opr_sanity regex database
ok 42        + geometry                                   85 ms
ok 43        + horology                                   87 ms
ok 44        + tstypes                                    71 ms
ok 45        + regex                                     248 ms
ok 46        + type_sanity                                73 ms
ok 47        + opr_sanity                                203 ms
ok 48        + misc_sanity                                36 ms
ok 49        + comments                                   24 ms
ok 50        + expressions                                55 ms
ok 51        + unicode                                    44 ms
ok 52        + xid                                        55 ms
ok 53        + mvcc                                       46 ms
ok 54        + database                                  382 ms
ok 55        + stats_import                              107 ms
ok 56        + encoding                                   54 ms
ok 57        + euc_kr                                     21 ms
# parallel group (6 tests):  copyencoding copyselect copydml copy insert_conflict insert
ok 58        + copy                                       63 ms
ok 59        + copyselect                                 25 ms
ok 60        + copydml                                    28 ms
ok 61        + copyencoding                               19 ms
ok 62        + insert                                    173 ms
ok 63        + insert_conflict                            84 ms
# parallel group (7 tests):  create_function_c create_operator create_schema create_type create_procedure create_misc create_table
ok 64        + create_function_c                          14 ms
ok 65        + create_misc                                41 ms
ok 66        + create_operator                            21 ms
ok 67        + create_procedure                           36 ms
ok 68        + create_table                              171 ms
ok 69        + create_type                                31 ms
ok 70        + create_schema                              27 ms
# parallel group (5 tests):  index_including index_including_gist create_view create_index_spgist create_index
not ok 71    + create_index                              383 ms
ok 72        + create_index_spgist                       198 ms
ok 73        + create_view                               150 ms
ok 74        + index_including                           129 ms
ok 75        + index_including_gist                      136 ms
# parallel group (16 tests):  create_cast hash_func errors create_aggregate roleattributes select drop_if_exists typed_table create_function_sql create_am infinite_recurse vacuum constraints updatable_views triggers inherit
ok 76        + create_aggregate                           61 ms
ok 77        + create_function_sql                       138 ms
ok 78        + create_cast                                43 ms
ok 79        + constraints                               386 ms
ok 80        + triggers                                  497 ms
ok 81        + select                                     68 ms
ok 82        + inherit                                   570 ms
ok 83        + typed_table                               105 ms
ok 84        + vacuum                                    289 ms
ok 85        + drop_if_exists                             79 ms
ok 86        + updatable_views                           398 ms
ok 87        + roleattributes                             61 ms
ok 88        + create_am                                 143 ms
ok 89        + hash_func                                  53 ms
ok 90        + errors                                     57 ms
ok 91        + infinite_recurse                          187 ms
ok 92        - sanity_check                              102 ms
# parallel group (20 tests):  prepared_xacts delete select_having select_distinct_on select_implicit random case namespace select_into select_distinct union portals transactions arrays subselect update aggregates join hash_index btree_index
ok 93        + select_into                                85 ms
not ok 94    + select_distinct                           102 ms
ok 95        + select_distinct_on                         63 ms
ok 96        + select_implicit                            67 ms
ok 97        + select_having                              58 ms
not ok 98    + subselect                                 193 ms
ok 99        + union                                     130 ms
ok 100       + case                                       77 ms
not ok 101   + join                                      380 ms
ok 102       + aggregates                                315 ms
ok 103       + transactions                              132 ms
ok 104       + random                                     75 ms
not ok 105   + portals                                   129 ms
ok 106       + arrays                                    186 ms
ok 107       + btree_index                               575 ms
ok 108       + hash_index                                472 ms
ok 109       + update                                    283 ms
ok 110       + delete                                     53 ms
ok 111       + namespace                                  75 ms
ok 112       + prepared_xacts                             41 ms
# parallel group (20 tests):  init_privs security_label drop_operator tablesample lock password object_address collate replica_identity groupingsets matview spgist identity gist generated_stored rowsecurity gin join_hash brin privileges
ok 113       + brin                                      690 ms
ok 114       + gin                                       584 ms
ok 115       + gist                                      491 ms
ok 116       + spgist                                    386 ms
ok 117       + privileges                                801 ms
ok 118       + init_privs                                 34 ms
ok 119       + security_label                             64 ms
ok 120       + collate                                   210 ms
ok 121       + matview                                   380 ms
ok 122       + lock                                      124 ms
ok 123       + replica_identity                          231 ms
ok 124       + rowsecurity                               526 ms
ok 125       + object_address                            153 ms
ok 126       + tablesample                               113 ms
ok 127       + groupingsets                              252 ms
ok 128       + drop_operator                              60 ms
ok 129       + password                                  127 ms
ok 130       + identity                                  398 ms
ok 131       + generated_stored                          508 ms
ok 132       + join_hash                                 670 ms
# parallel group (2 tests):  brin_bloom brin_multi
ok 133       + brin_bloom                                 45 ms
ok 134       + brin_multi                                114 ms
# parallel group (19 tests):  async dbsize tidscan tidrangescan tsrf alter_operator tid collate.utf8 misc create_role incremental_sort alter_generic sysviews misc_functions merge create_table_like generated_virtual collate.icu.utf8 without_overlaps
ok 135       + create_table_like                         261 ms
ok 136       + alter_generic                             144 ms
ok 137       + alter_operator                             70 ms
ok 138       + misc                                       97 ms
ok 139       + async                                      32 ms
ok 140       + dbsize                                     38 ms
ok 141       + merge                                     253 ms
ok 142       + misc_functions                            154 ms
ok 143       + sysviews                                  143 ms
ok 144       + tsrf                                       67 ms
ok 145       + tid                                        75 ms
not ok 146   + tidscan                                    59 ms
ok 147       + tidrangescan                               60 ms
ok 148       + collate.utf8                               77 ms
ok 149       + collate.icu.utf8                          312 ms
not ok 150   + incremental_sort                          115 ms
ok 151       + create_role                               101 ms
ok 152       + without_overlaps                          434 ms
ok 153       + generated_virtual                         310 ms
# parallel group (8 tests):  collate.windows.win1252 collate.linux.utf8 amutils psql_crosstab psql_pipeline rules psql stats_ext
ok 154       + rules                                     186 ms
ok 155       + psql                                      199 ms
ok 156       + psql_crosstab                              24 ms
ok 157       + psql_pipeline                              32 ms
ok 158       + amutils                                    18 ms
ok 159       + stats_ext                                 996 ms
ok 160       + collate.linux.utf8                         12 ms
ok 161       + collate.windows.win1252                    12 ms
ok 162       - select_parallel                           197 ms
ok 163       - write_parallel                             34 ms
ok 164       - vacuum_parallel                            70 ms
ok 165       - maintain_every                             28 ms
# parallel group (2 tests):  subscription publication
ok 166       + publication                               323 ms
ok 167       + subscription                               35 ms
# parallel group (17 tests):  portals_p2 advisory_lock xmlmap combocid functional_deps select_views dependency tsdicts equivclass guc indirect_toast window tsearch bitmapops cluster foreign_data foreign_key
ok 168       + select_views                              119 ms
ok 169       + portals_p2                                 68 ms
ok 170       + foreign_key                               776 ms
ok 171       + cluster                                   250 ms
ok 172       + dependency                                120 ms
ok 173       + guc                                       133 ms
ok 174       + bitmapops                                 220 ms
ok 175       + combocid                                   93 ms
ok 176       + tsearch                                   217 ms
ok 177       + tsdicts                                   125 ms
ok 178       + foreign_data                              359 ms
ok 179       + window                                    191 ms
ok 180       + xmlmap                                     85 ms
ok 181       + functional_deps                           108 ms
ok 182       + advisory_lock                              68 ms
ok 183       + indirect_toast                            136 ms
ok 184       + equivclass                                123 ms
# parallel group (9 tests):  json_encoding jsonpath_encoding jsonpath sqljson_jsontable sqljson json sqljson_queryfuncs jsonb_jsonpath jsonb
ok 185       + json                                       79 ms
ok 186       + jsonb                                     145 ms
ok 187       + json_encoding                              34 ms
ok 188       + jsonpath                                   47 ms
ok 189       + jsonpath_encoding                          34 ms
ok 190       + jsonb_jsonpath                             93 ms
ok 191       + sqljson                                    66 ms
ok 192       + sqljson_queryfuncs                         83 ms
ok 193       + sqljson_jsontable                          64 ms
# parallel group (18 tests):  prepare limit plancache conversion returning rowtypes sequence polymorphism temp rangefuncs copy2 with truncate largeobject domain xml plpgsql alter_table
ok 194       + plancache                                 130 ms
not ok 195   + limit                                     126 ms
ok 196       + plpgsql                                   427 ms
ok 197       + copy2                                     271 ms
ok 198       + temp                                      246 ms
ok 199       + domain                                    317 ms
ok 200       + rangefuncs                                267 ms
ok 201       + prepare                                    59 ms
ok 202       + conversion                                132 ms
ok 203       + truncate                                  282 ms
ok 204       + alter_table                               867 ms
ok 205       + sequence                                  226 ms
ok 206       + polymorphism                              238 ms
ok 207       + rowtypes                                  221 ms
ok 208       + returning                                 168 ms
ok 209       + largeobject                               298 ms
ok 210       + with                                      270 ms
ok 211       + xml                                       389 ms
# parallel group (13 tests):  numa hash_part predicate reloptions partition_info explain memoize partition_aggregate tuplesort partition_prune partition_join indexing stats
not ok 212   + partition_join                            573 ms
not ok 213   + partition_prune                           471 ms
ok 214       + reloptions                                 85 ms
ok 215       + hash_part                                  57 ms
ok 216       + indexing                                  836 ms
not ok 217   + partition_aggregate                       383 ms
ok 218       + partition_info                             86 ms
ok 219       + tuplesort                                 448 ms
ok 220       + explain                                    97 ms
not ok 221   + memoize                                   140 ms
ok 222       + stats                                    1154 ms
ok 223       + predicate                                  70 ms
ok 224       + numa                                       33 ms
# parallel group (2 tests):  compression_pglz compression
ok 225       + compression                                69 ms
ok 226       + compression_pglz                           14 ms
# parallel group (2 tests):  oidjoins event_trigger
ok 227       + oidjoins                                  116 ms
ok 228       + event_trigger                             132 ms
ok 229       - event_trigger_login                        21 ms
ok 230       - fast_default                               99 ms
ok 231       - tablespace                                193 ms
1..231
# 12 of 231 tests failed.
# The differences that caused some tests to fail can be viewed in the file "/Users/alex/GPT/postgresrun/pgrust-pgx/benchmarks/pgx/results/phase1a-7a7c305df8/2-replication/regress/regression.diffs".
# A copy of the test summary that you see above is saved in the file "/Users/alex/GPT/postgresrun/pgrust-pgx/benchmarks/pgx/results/phase1a-7a7c305df8/2-replication/regress/regression.out".
