2026-10-04 12:16:32.471 PDT [23552] LOG:  starting pgrust 0.3 (PostgreSQL 18.6 compatible)
2026-10-04 12:16:32.471 PDT [23552] LOG:  regexp engines: re2+spencer (regex_engine=auto dispatches compatible patterns to re2)
2026-10-04 12:16:32.478 PDT [23552] LOG:  listening on Unix socket "/tmp/pgxbench-c48zpo57/.s.PGSQL.54370"
2026-10-04 12:16:32.515 PDT [1002] LOG:  database system was shut down at 2026-10-04 12:16:32 PDT
2026-10-04 12:16:32.517 PDT [1015] FATAL:  the database system is starting up
2026-10-04 12:16:32.520 PDT [1032] FATAL:  the database system is starting up
2026-10-04 12:16:32.522 PDT [1033] FATAL:  the database system is starting up
2026-10-04 12:16:32.522 PDT [23552] LOG:  database system is ready to accept connections
2026-10-04 12:16:32.537 PDT [1037] LOG:  pgrust ephemeral-db janitor started: prefix "tdb_", grace 3600s, tick 500ms
2026-10-04 12:16:32.540 PDT [1038] LOG:  pgrust: backfilled 3 builtin function row(s) and 3 description row(s) into database oid 5 (pgrust_pin_database / pgrust_unpin_database / pgrust_seal_template)
2026-10-04 12:16:32.707 PDT [1040] LOG:  pgrust: backfilled 3 builtin function row(s) and 3 description row(s) into database oid 16384 (pgrust_pin_database / pgrust_unpin_database / pgrust_seal_template)
2026-10-04 12:16:32.711 PDT [1037] LOG:  pgrust ephemeral-db janitor: running deferred startup sweep for prefix "tdb_"
2026-10-04 12:16:32.786 PDT [1041] LOG:  pgrust ephemeral-db janitor: seal vacuum (FREEZE, ANALYZE) of database oid 16384 completed in 74.9 ms
2026-10-04 12:16:32.786 PDT [1037] LOG:  pgrust ephemeral-db janitor: sealed template "tpl_small" (VACUUM FREEZE + ANALYZE done; IS_TEMPLATE true ALLOW_CONNECTIONS false; 1 waiter(s))
2026-10-04 12:16:32.788 PDT [1000] LOG:  checkpoint starting: immediate force wait flush-all
2026-10-04 12:16:32.845 PDT [1000] LOG:  checkpoint complete: wrote 996 buffers (6.1%), wrote 3 SLRU buffers; 1 WAL file(s) added, 0 removed, 0 recycled; write=0.042 s, sync=0.011 s, total=0.057 s; sync files=319, longest=0.001 s, average=0.001 s; distance=4881 kB, estimate=4881 kB; lsn=0/1C47E18, redo lsn=0/1C47DC0
2026-10-04 12:16:32.910 PDT [1000] LOG:  checkpoint starting: immediate force wait
2026-10-04 12:16:32.912 PDT [1000] LOG:  checkpoint complete: wrote 0 buffers (0.0%), wrote 0 SLRU buffers; 0 WAL file(s) added, 0 removed, 0 recycled; write=0.001 s, sync=0.001 s, total=0.002 s; sync files=0, longest=0.000 s, average=0.000 s; distance=0 kB, estimate=4393 kB; lsn=0/1C47F18, redo lsn=0/1C47EC0
2026-10-04 12:16:32.912 PDT [1037] LOG:  pgrust ephemeral-db janitor: minted ephemeral database "tdb_tpl_small__probe" from template "tpl_small" for role "postgres" (1 waiter(s))
2026-10-04 12:16:32.912 PDT [1037] LOG:  pgrust ephemeral-db janitor: template "tpl_small" registered for warm pooling (first mint served cold; replenish maintains spares)
2026-10-04 12:16:32.919 PDT [1043] LOG:  pgrust ephemeral-db janitor: prewarmed ephemeral database oid 16396 (relcache init built, connect in 5.79 ms)
2026-10-04 12:16:32.982 PDT [1044] LOG:  pgrust: backfilled 3 builtin function row(s) and 3 description row(s) into database oid 16397 (pgrust_pin_database / pgrust_unpin_database / pgrust_seal_template)
2026-10-04 12:16:33.526 PDT [23552] LOG:  memory watchdog: armed: limit=16384 MB (source=physical memory; no cgroup v2 limit, pgrust.memory_watchdog_limit is 0) tiers=80%/90%/95% interval=1000 ms
2026-10-04 12:17:18.250 PDT [1000] LOG:  checkpoint starting: immediate force wait flush-all
