# using postmaster on /tmp/pgxbench-jee3dyz5, port 54330
ok 1         - test_setup                                294 ms
# parallel group (20 tests):  varchar char oid name pg_lsn int2 txid int4 text boolean regproc money int8 float8 float4 bit enum uuid numeric rangetypes
ok 2         + boolean                                   241 ms
ok 3         + char                                       90 ms
ok 4         + name                                      161 ms
ok 5         + varchar                                    89 ms
ok 6         + text                                      233 ms
ok 7         + int2                                      201 ms
ok 8         + int4                                      230 ms
ok 9         + int8                                      287 ms
ok 10        + oid                                       103 ms
ok 11        + float4                                    300 ms
ok 12        + float8                                    300 ms
ok 13        + bit                                       311 ms
ok 14        + numeric                                   474 ms
ok 15        + txid                                      216 ms
ok 16        + uuid                                      317 ms
ok 17        + enum                                      306 ms
ok 18        + money                                     268 ms
ok 19        + rangetypes                                499 ms
ok 20        + pg_lsn                                    150 ms
ok 21        + regproc                                   235 ms
# parallel group (20 tests):  md5 lseg circle line path point time macaddr timetz numerology macaddr8 inet date interval polygon strings box multirangetypes timestamp timestamptz
ok 22        + strings                                   209 ms
ok 23        + md5                                        68 ms
ok 24        + numerology                                101 ms
ok 25        + point                                      83 ms
ok 26        + lseg                                       71 ms
ok 27        + line                                       76 ms
ok 28        + box                                       203 ms
ok 29        + path                                       74 ms
ok 30        + polygon                                   187 ms
ok 31        + circle                                     69 ms
ok 32        + date                                      102 ms
ok 33        + time                                       76 ms
ok 34        + timetz                                     82 ms
ok 35        + timestamp                                 402 ms
ok 36        + timestamptz                               436 ms
ok 37        + interval                                  148 ms
ok 38        + inet                                       88 ms
ok 39        + macaddr                                    69 ms
ok 40        + macaddr8                                   74 ms
ok 41        + multirangetypes                           217 ms
# parallel group (16 tests):  comments misc_sanity euc_kr unicode mvcc xid expressions type_sanity encoding tstypes geometry horology stats_import opr_sanity regex database
ok 42        + geometry                                  516 ms
ok 43        + horology                                  601 ms
ok 44        + tstypes                                   368 ms
ok 45        + regex                                    1022 ms
ok 46        + type_sanity                               283 ms
ok 47        + opr_sanity                                764 ms
ok 48        + misc_sanity                                76 ms
ok 49        + comments                                   58 ms
ok 50        + expressions                               214 ms
ok 51        + unicode                                    92 ms
ok 52        + xid                                       199 ms
ok 53        + mvcc                                      105 ms
ok 54        + database                                 1143 ms
ok 55        + stats_import                              609 ms
ok 56        + encoding                                  306 ms
ok 57        + euc_kr                                     55 ms
# parallel group (6 tests):  copyencoding copyselect copydml copy insert_conflict insert
ok 58        + copy                                      142 ms
ok 59        + copyselect                                 83 ms
ok 60        + copydml                                    84 ms
ok 61        + copyencoding                               67 ms
ok 62        + insert                                    408 ms
ok 63        + insert_conflict                           174 ms
# parallel group (7 tests):  create_function_c create_operator create_schema create_type create_procedure create_misc create_table
ok 64        + create_function_c                          24 ms
ok 65        + create_misc                               114 ms
ok 66        + create_operator                            72 ms
ok 67        + create_procedure                          111 ms
ok 68        + create_table                              287 ms
ok 69        + create_type                               103 ms
ok 70        + create_schema                              74 ms
# parallel group (5 tests):  index_including index_including_gist create_view create_index_spgist create_index
not ok 71    + create_index                              947 ms
ok 72        + create_index_spgist                       390 ms
ok 73        + create_view                               378 ms
ok 74        + index_including                           295 ms
ok 75        + index_including_gist                      296 ms
# parallel group (16 tests):  create_cast hash_func errors create_aggregate roleattributes select drop_if_exists typed_table create_am create_function_sql infinite_recurse vacuum constraints updatable_views triggers inherit
ok 76        + create_aggregate                          459 ms
ok 77        + create_function_sql                       695 ms
ok 78        + create_cast                               192 ms
ok 79        + constraints                              1381 ms
ok 80        + triggers                                 1603 ms
ok 81        + select                                    565 ms
ok 82        + inherit                                  1760 ms
ok 83        + typed_table                               611 ms
ok 84        + vacuum                                   1141 ms
ok 85        + drop_if_exists                            581 ms
ok 86        + updatable_views                          1427 ms
ok 87        + roleattributes                            501 ms
ok 88        + create_am                                 662 ms
ok 89        + hash_func                                 382 ms
ok 90        + errors                                    407 ms
ok 91        + infinite_recurse                         1065 ms
ok 92        - sanity_check                              596 ms
# parallel group (20 tests):  prepared_xacts select_having select_distinct_on delete case select_implicit random namespace select_into select_distinct union transactions portals subselect arrays update aggregates join hash_index btree_index
ok 93        + select_into                               372 ms
not ok 94    + select_distinct                           433 ms
ok 95        + select_distinct_on                        209 ms
ok 96        + select_implicit                           311 ms
ok 97        + select_having                             169 ms
not ok 98    + subselect                                 768 ms
ok 99        + union                                     485 ms
ok 100       + case                                      304 ms
not ok 101   + join                                     1249 ms
ok 102       + aggregates                               1073 ms
ok 103       + transactions                              484 ms
ok 104       + random                                    309 ms
not ok 105   + portals                                   491 ms
ok 106       + arrays                                    759 ms
ok 107       + btree_index                              1326 ms
ok 108       + hash_index                               1268 ms
ok 109       + update                                    984 ms
ok 110       + delete                                    249 ms
ok 111       + namespace                                 288 ms
ok 112       + prepared_xacts                             74 ms
# parallel group (20 tests):  init_privs drop_operator security_label tablesample password lock object_address replica_identity collate groupingsets spgist matview identity gist gin generated_stored rowsecurity join_hash brin privileges
ok 113       + brin                                     1600 ms
ok 114       + gin                                      1366 ms
ok 115       + gist                                     1072 ms
ok 116       + spgist                                    916 ms
ok 117       + privileges                               1849 ms
ok 118       + init_privs                                 78 ms
ok 119       + security_label                            192 ms
ok 120       + collate                                   780 ms
ok 121       + matview                                  1009 ms
ok 122       + lock                                      458 ms
ok 123       + replica_identity                          739 ms
ok 124       + rowsecurity                              1499 ms
ok 125       + object_address                            507 ms
ok 126       + tablesample                               379 ms
ok 127       + groupingsets                              823 ms
ok 128       + drop_operator                             156 ms
ok 129       + password                                  405 ms
ok 130       + identity                                 1034 ms
ok 131       + generated_stored                         1460 ms
ok 132       + join_hash                                1585 ms
# parallel group (2 tests):  brin_bloom brin_multi
ok 133       + brin_bloom                                 99 ms
ok 134       + brin_multi                                251 ms
# parallel group (19 tests):  dbsize async tidscan tid tidrangescan alter_operator tsrf collate.utf8 misc create_role incremental_sort alter_generic misc_functions sysviews create_table_like merge collate.icu.utf8 generated_virtual without_overlaps
ok 135       + create_table_like                         611 ms
ok 136       + alter_generic                             483 ms
ok 137       + alter_operator                            196 ms
ok 138       + misc                                      271 ms
ok 139       + async                                      86 ms
ok 140       + dbsize                                     62 ms
ok 141       + merge                                     633 ms
ok 142       + misc_functions                            479 ms
ok 143       + sysviews                                  481 ms
ok 144       + tsrf                                      187 ms
ok 145       + tid                                       183 ms
not ok 146   + tidscan                                   175 ms
ok 147       + tidrangescan                              181 ms
ok 148       + collate.utf8                              183 ms
ok 149       + collate.icu.utf8                          682 ms
not ok 150   + incremental_sort                          302 ms
ok 151       + create_role                               270 ms
ok 152       + without_overlaps                          841 ms
ok 153       + generated_virtual                         670 ms
# parallel group (8 tests):  collate.linux.utf8 collate.windows.win1252 amutils psql_crosstab psql_pipeline rules psql stats_ext
ok 154       + rules                                     421 ms
ok 155       + psql                                      471 ms
ok 156       + psql_crosstab                              48 ms
ok 157       + psql_pipeline                             103 ms
ok 158       + amutils                                    40 ms
ok 159       + stats_ext                                1557 ms
ok 160       + collate.linux.utf8                         33 ms
ok 161       + collate.windows.win1252                    34 ms
ok 162       - select_parallel                           604 ms
ok 163       - write_parallel                             41 ms
ok 164       - vacuum_parallel                           278 ms
ok 165       - maintain_every                             66 ms
# parallel group (2 tests):  subscription publication
ok 166       + publication                               568 ms
ok 167       + subscription                              119 ms
# parallel group (17 tests):  portals_p2 combocid advisory_lock xmlmap functional_deps tsdicts indirect_toast guc equivclass dependency select_views bitmapops window tsearch cluster foreign_data foreign_key
ok 168       + select_views                              370 ms
ok 169       + portals_p2                                170 ms
ok 170       + foreign_key                              1446 ms
ok 171       + cluster                                   694 ms
ok 172       + dependency                                304 ms
ok 173       + guc                                       240 ms
ok 174       + bitmapops                                 522 ms
ok 175       + combocid                                  169 ms
ok 176       + tsearch                                   640 ms
ok 177       + tsdicts                                   230 ms
ok 178       + foreign_data                              957 ms
ok 179       + window                                    601 ms
ok 180       + xmlmap                                    192 ms
ok 181       + functional_deps                           194 ms
ok 182       + advisory_lock                             160 ms
ok 183       + indirect_toast                            219 ms
ok 184       + equivclass                                237 ms
# parallel group (9 tests):  json_encoding jsonpath_encoding jsonpath sqljson sqljson_jsontable json sqljson_queryfuncs jsonb_jsonpath jsonb
ok 185       + json                                      105 ms
ok 186       + jsonb                                     260 ms
ok 187       + json_encoding                              54 ms
ok 188       + jsonpath                                   68 ms
ok 189       + jsonpath_encoding                          58 ms
ok 190       + jsonb_jsonpath                            124 ms
ok 191       + sqljson                                    76 ms
ok 192       + sqljson_queryfuncs                        102 ms
ok 193       + sqljson_jsontable                          76 ms
# parallel group (18 tests):  prepare limit plancache conversion returning rowtypes temp sequence with polymorphism copy2 truncate rangefuncs largeobject xml domain plpgsql alter_table
ok 194       + plancache                                 281 ms
not ok 195   + limit                                     262 ms
ok 196       + plpgsql                                  2130 ms
ok 197       + copy2                                     930 ms
ok 198       + temp                                      777 ms
ok 199       + domain                                   1635 ms
ok 200       + rangefuncs                                970 ms
ok 201       + prepare                                   174 ms
ok 202       + conversion                                388 ms
ok 203       + truncate                                  926 ms
ok 204       + alter_table                              2837 ms
ok 205       + sequence                                  829 ms
ok 206       + polymorphism                              899 ms
ok 207       + rowtypes                                  723 ms
ok 208       + returning                                 420 ms
ok 209       + largeobject                               951 ms
ok 210       + with                                      875 ms
ok 211       + xml                                      1491 ms
# parallel group (13 tests):  numa hash_part predicate reloptions partition_info explain memoize partition_aggregate tuplesort partition_prune partition_join indexing stats
not ok 212   + partition_join                            844 ms
not ok 213   + partition_prune                           664 ms
ok 214       + reloptions                                133 ms
ok 215       + hash_part                                  77 ms
ok 216       + indexing                                 1204 ms
not ok 217   + partition_aggregate                       430 ms
ok 218       + partition_info                            145 ms
ok 219       + tuplesort                                 542 ms
ok 220       + explain                                   158 ms
not ok 221   + memoize                                   205 ms
ok 222       + stats                                    1486 ms
ok 223       + predicate                                  93 ms
ok 224       + numa                                       35 ms
# parallel group (2 tests):  compression_pglz compression
ok 225       + compression                               233 ms
ok 226       + compression_pglz                           72 ms
# parallel group (2 tests):  oidjoins event_trigger
ok 227       + oidjoins                                  231 ms
ok 228       + event_trigger                             290 ms
ok 229       - event_trigger_login                        34 ms
ok 230       - fast_default                              249 ms
ok 231       - tablespace                                315 ms
1..231
# 12 of 231 tests failed.
# The differences that caused some tests to fail can be viewed in the file "/Users/alex/GPT/postgresrun/pgrust-pgx/benchmarks/pgx/results/pgrust-17813ef9d8/regress/regression.diffs".
# A copy of the test summary that you see above is saved in the file "/Users/alex/GPT/postgresrun/pgrust-pgx/benchmarks/pgx/results/pgrust-17813ef9d8/regress/regression.out".
