# using postmaster on /tank/pgx-bench/pgxbench-jxpcujit, port 54330
ok 1         - test_setup                                328 ms
# parallel group (20 tests):  char varchar text pg_lsn txid name regproc int4 int2 oid boolean float4 money int8 uuid float8 bit enum numeric rangetypes
ok 2         + boolean                                   167 ms
ok 3         + char                                      107 ms
ok 4         + name                                      126 ms
ok 5         + varchar                                   106 ms
ok 6         + text                                      107 ms
ok 7         + int2                                      146 ms
ok 8         + int4                                      142 ms
ok 9         + int8                                      213 ms
ok 10        + oid                                       145 ms
ok 11        + float4                                    166 ms
ok 12        + float8                                    242 ms
ok 13        + bit                                       263 ms
ok 14        + numeric                                   601 ms
ok 15        + txid                                      113 ms
ok 16        + uuid                                      221 ms
ok 17        + enum                                      267 ms
ok 18        + money                                     187 ms
ok 19        + rangetypes                                774 ms
ok 20        + pg_lsn                                     89 ms
ok 21        + regproc                                   118 ms
# parallel group (20 tests):  md5 circle lseg point line path time macaddr timetz numerology macaddr8 date inet interval polygon strings box timestamp multirangetypes timestamptz
ok 22        + strings                                   390 ms
ok 23        + md5                                        63 ms
ok 24        + numerology                                153 ms
ok 25        + point                                     104 ms
ok 26        + lseg                                       82 ms
ok 27        + line                                      103 ms
ok 28        + box                                       411 ms
ok 29        + path                                      102 ms
ok 30        + polygon                                   348 ms
ok 31        + circle                                     64 ms
ok 32        + date                                      185 ms
ok 33        + time                                       97 ms
ok 34        + timetz                                    128 ms
ok 35        + timestamp                                 473 ms
ok 36        + timestamptz                               530 ms
ok 37        + interval                                  311 ms
ok 38        + inet                                      180 ms
ok 39        + macaddr                                    97 ms
ok 40        + macaddr8                                  141 ms
ok 41        + multirangetypes                           499 ms
# parallel group (16 tests):  euc_kr comments unicode misc_sanity type_sanity tstypes mvcc expressions xid encoding geometry horology stats_import opr_sanity database regex
ok 42        + geometry                                  307 ms
ok 43        + horology                                  338 ms
ok 44        + tstypes                                   197 ms
ok 45        + regex                                    1149 ms
ok 46        + type_sanity                               159 ms
ok 47        + opr_sanity                                615 ms
ok 48        + misc_sanity                               136 ms
ok 49        + comments                                   62 ms
ok 50        + expressions                               213 ms
ok 51        + unicode                                    67 ms
ok 52        + xid                                       237 ms
ok 53        + mvcc                                      198 ms
ok 54        + database                                 1073 ms
ok 55        + stats_import                              410 ms
ok 56        + encoding                                  248 ms
ok 57        + euc_kr                                     13 ms
# parallel group (6 tests):  copyencoding copyselect copydml copy insert_conflict insert
ok 58        + copy                                      247 ms
ok 59        + copyselect                                 82 ms
ok 60        + copydml                                   114 ms
ok 61        + copyencoding                               35 ms
ok 62        + insert                                    705 ms
ok 63        + insert_conflict                           357 ms
# parallel group (7 tests):  create_function_c create_operator create_schema create_type create_procedure create_misc create_table
ok 64        + create_function_c                          26 ms
ok 65        + create_misc                               189 ms
ok 66        + create_operator                            65 ms
ok 67        + create_procedure                          153 ms
ok 68        + create_table                              665 ms
ok 69        + create_type                               122 ms
ok 70        + create_schema                              98 ms
# parallel group (5 tests):  index_including index_including_gist create_index_spgist create_view create_index
not ok 71    + create_index                             1375 ms
ok 72        + create_index_spgist                       528 ms
ok 73        + create_view                               676 ms
ok 74        + index_including                           399 ms
ok 75        + index_including_gist                      432 ms
# parallel group (16 tests):  errors create_cast hash_func create_aggregate select roleattributes drop_if_exists typed_table create_am create_function_sql infinite_recurse vacuum constraints updatable_views triggers inherit
ok 76        + create_aggregate                          195 ms
ok 77        + create_function_sql                       492 ms
ok 78        + create_cast                               111 ms
ok 79        + constraints                              1606 ms
ok 80        + triggers                                 2206 ms
ok 81        + select                                    200 ms
ok 82        + inherit                                  2235 ms
ok 83        + typed_table                               348 ms
ok 84        + vacuum                                   1014 ms
ok 85        + drop_if_exists                            271 ms
ok 86        + updatable_views                          1791 ms
ok 87        + roleattributes                            223 ms
ok 88        + create_am                                 464 ms
ok 89        + hash_func                                 126 ms
ok 90        + errors                                     97 ms
ok 91        + infinite_recurse                          555 ms
ok 92        - sanity_check                              227 ms
# parallel group (20 tests):  prepared_xacts select_having delete case random select_distinct_on portals select_implicit select_into namespace select_distinct union transactions arrays subselect update aggregates join btree_index hash_index
ok 93        + select_into                               361 ms
not ok 94    + select_distinct                           406 ms
ok 95        + select_distinct_on                        288 ms
ok 96        + select_implicit                           307 ms
ok 97        + select_having                             122 ms
not ok 98    + subselect                                 905 ms
ok 99        + union                                     491 ms
ok 100       + case                                      223 ms
not ok 101   + join                                     1643 ms
ok 102       + aggregates                               1336 ms
ok 103       + transactions                              640 ms
ok 104       + random                                    227 ms
not ok 105   + portals                                   279 ms
ok 106       + arrays                                    767 ms
ok 107       + btree_index                              2127 ms
ok 108       + hash_index                               2263 ms
ok 109       + update                                   1238 ms
ok 110       + delete                                    181 ms
ok 111       + namespace                                 374 ms
ok 112       + prepared_xacts                             61 ms
# parallel group (20 tests):  init_privs drop_operator security_label tablesample collate lock object_address password replica_identity groupingsets spgist identity gist matview generated_stored join_hash gin brin rowsecurity privileges
ok 113       + brin                                     2558 ms
ok 114       + gin                                      2538 ms
ok 115       + gist                                     1977 ms
ok 116       + spgist                                   1722 ms
ok 117       + privileges                               3005 ms
ok 118       + init_privs                                 55 ms
ok 119       + security_label                            223 ms
ok 120       + collate                                   566 ms
ok 121       + matview                                  2023 ms
ok 122       + lock                                      570 ms
ok 123       + replica_identity                         1153 ms
ok 124       + rowsecurity                              2631 ms
ok 125       + object_address                            715 ms
ok 126       + tablesample                               338 ms
ok 127       + groupingsets                             1264 ms
ok 128       + drop_operator                             204 ms
ok 129       + password                                  856 ms
ok 130       + identity                                 1897 ms
ok 131       + generated_stored                         2436 ms
ok 132       + join_hash                                2496 ms
# parallel group (2 tests):  brin_bloom brin_multi
ok 133       + brin_bloom                                135 ms
ok 134       + brin_multi                                441 ms
# parallel group (19 tests):  async dbsize collate.utf8 tidrangescan tid tidscan alter_operator tsrf sysviews misc_functions misc create_role incremental_sort alter_generic create_table_like merge collate.icu.utf8 generated_virtual without_overlaps
ok 135       + create_table_like                         949 ms
ok 136       + alter_generic                             571 ms
ok 137       + alter_operator                            216 ms
ok 138       + misc                                      353 ms
ok 139       + async                                      68 ms
ok 140       + dbsize                                    120 ms
ok 141       + merge                                    1015 ms
ok 142       + misc_functions                            333 ms
ok 143       + sysviews                                  324 ms
ok 144       + tsrf                                      271 ms
ok 145       + tid                                       194 ms
not ok 146   + tidscan                                   198 ms
ok 147       + tidrangescan                              138 ms
ok 148       + collate.utf8                              130 ms
ok 149       + collate.icu.utf8                         1136 ms
not ok 150   + incremental_sort                          473 ms
ok 151       + create_role                               403 ms
ok 152       + without_overlaps                         1611 ms
ok 153       + generated_virtual                        1279 ms
# parallel group (8 tests):  collate.linux.utf8 collate.windows.win1252 amutils psql_crosstab psql_pipeline rules psql stats_ext
ok 154       + rules                                     719 ms
ok 155       + psql                                      767 ms
ok 156       + psql_crosstab                              62 ms
ok 157       + psql_pipeline                              90 ms
ok 158       + amutils                                    43 ms
ok 159       + stats_ext                                3377 ms
ok 160       + collate.linux.utf8                         23 ms
ok 161       + collate.windows.win1252                    19 ms
ok 162       - select_parallel                           600 ms
ok 163       - write_parallel                             65 ms
ok 164       - vacuum_parallel                           161 ms
ok 165       - maintain_every                             45 ms
# parallel group (2 tests):  subscription publication
ok 166       + publication                               837 ms
ok 167       + subscription                              109 ms
# parallel group (17 tests):  advisory_lock combocid portals_p2 functional_deps xmlmap guc tsdicts equivclass dependency select_views indirect_toast bitmapops window tsearch cluster foreign_data foreign_key
ok 168       + select_views                              453 ms
ok 169       + portals_p2                                182 ms
ok 170       + foreign_key                              2498 ms
ok 171       + cluster                                   816 ms
ok 172       + dependency                                411 ms
ok 173       + guc                                       280 ms
ok 174       + bitmapops                                 604 ms
ok 175       + combocid                                  133 ms
ok 176       + tsearch                                   673 ms
ok 177       + tsdicts                                   282 ms
ok 178       + foreign_data                             1348 ms
ok 179       + window                                    629 ms
ok 180       + xmlmap                                    270 ms
ok 181       + functional_deps                           208 ms
ok 182       + advisory_lock                              86 ms
ok 183       + indirect_toast                            477 ms
ok 184       + equivclass                                353 ms
# parallel group (9 tests):  json_encoding jsonpath_encoding jsonpath sqljson sqljson_jsontable json sqljson_queryfuncs jsonb_jsonpath jsonb
ok 185       + json                                      230 ms
ok 186       + jsonb                                     439 ms
ok 187       + json_encoding                              40 ms
ok 188       + jsonpath                                  142 ms
ok 189       + jsonpath_encoding                          42 ms
ok 190       + jsonb_jsonpath                            337 ms
ok 191       + sqljson                                   179 ms
ok 192       + sqljson_queryfuncs                        309 ms
ok 193       + sqljson_jsontable                         216 ms
# parallel group (18 tests):  prepare limit plancache conversion returning copy2 sequence rowtypes with largeobject polymorphism truncate temp rangefuncs domain xml plpgsql alter_table
ok 194       + plancache                                 377 ms
not ok 195   + limit                                     311 ms
ok 196       + plpgsql                                  1864 ms
ok 197       + copy2                                     710 ms
ok 198       + temp                                      996 ms
ok 199       + domain                                   1211 ms
ok 200       + rangefuncs                               1007 ms
ok 201       + prepare                                   133 ms
ok 202       + conversion                                477 ms
ok 203       + truncate                                  955 ms
ok 204       + alter_table                              3341 ms
ok 205       + sequence                                  764 ms
ok 206       + polymorphism                              922 ms
ok 207       + rowtypes                                  824 ms
ok 208       + returning                                 635 ms
ok 209       + largeobject                               863 ms
ok 210       + with                                      848 ms
ok 211       + xml                                      1355 ms
# parallel group (13 tests):  numa hash_part explain predicate reloptions partition_info memoize tuplesort partition_aggregate partition_prune partition_join indexing stats
not ok 212   + partition_join                           2114 ms
not ok 213   + partition_prune                          1801 ms
ok 214       + reloptions                                257 ms
ok 215       + hash_part                                  76 ms
ok 216       + indexing                                 2568 ms
not ok 217   + partition_aggregate                      1099 ms
ok 218       + partition_info                            252 ms
ok 219       + tuplesort                                1057 ms
ok 220       + explain                                   205 ms
not ok 221   + memoize                                   454 ms
ok 222       + stats                                    2988 ms
ok 223       + predicate                                 208 ms
ok 224       + numa                                       23 ms
# parallel group (2 tests):  compression_pglz compression
ok 225       + compression                               320 ms
ok 226       + compression_pglz                           19 ms
# parallel group (2 tests):  oidjoins event_trigger
ok 227       + oidjoins                                  380 ms
ok 228       + event_trigger                             476 ms
ok 229       - event_trigger_login                        44 ms
ok 230       - fast_default                              413 ms
ok 231       - tablespace                                783 ms
1..231
# 12 of 231 tests failed.
# The differences that caused some tests to fail can be viewed in the file "/home/ubuntu/pgrust/benchmarks/pgx/results/vps-d2a3c460-1c5a9fc74f/regress/regression.diffs".
# A copy of the test summary that you see above is saved in the file "/home/ubuntu/pgrust/benchmarks/pgx/results/vps-d2a3c460-1c5a9fc74f/regress/regression.out".
