# using postmaster on /tank/pgx-bench/pgxbench-gs96ltcz, port 54330
ok 1         - test_setup                                323 ms
# parallel group (20 tests):  char text int2 regproc name txid varchar money int4 oid int8 pg_lsn float4 boolean bit float8 uuid enum numeric rangetypes
ok 2         + boolean                                   182 ms
ok 3         + char                                      107 ms
ok 4         + name                                      153 ms
ok 5         + varchar                                   160 ms
ok 6         + text                                      112 ms
ok 7         + int2                                      144 ms
ok 8         + int4                                      158 ms
ok 9         + int8                                      166 ms
ok 10        + oid                                       163 ms
ok 11        + float4                                    173 ms
ok 12        + float8                                    249 ms
ok 13        + bit                                       231 ms
ok 14        + numeric                                   610 ms
ok 15        + txid                                      146 ms
ok 16        + uuid                                      261 ms
ok 17        + enum                                      289 ms
ok 18        + money                                     150 ms
ok 19        + rangetypes                                713 ms
ok 20        + pg_lsn                                    165 ms
ok 21        + regproc                                   133 ms
# parallel group (20 tests):  circle md5 timetz lseg line macaddr time date path point numerology macaddr8 inet polygon interval strings box timestamp timestamptz multirangetypes
ok 22        + strings                                   336 ms
ok 23        + md5                                        79 ms
ok 24        + numerology                                206 ms
ok 25        + point                                     163 ms
ok 26        + lseg                                       90 ms
ok 27        + line                                      111 ms
ok 28        + box                                       419 ms
ok 29        + path                                      135 ms
ok 30        + polygon                                   313 ms
ok 31        + circle                                     62 ms
ok 32        + date                                      127 ms
ok 33        + time                                      119 ms
ok 34        + timetz                                     79 ms
ok 35        + timestamp                                 441 ms
ok 36        + timestamptz                               493 ms
ok 37        + interval                                  299 ms
ok 38        + inet                                      221 ms
ok 39        + macaddr                                    82 ms
ok 40        + macaddr8                                  179 ms
ok 41        + multirangetypes                           470 ms
# parallel group (16 tests):  misc_sanity comments euc_kr unicode mvcc tstypes expressions xid encoding horology type_sanity geometry stats_import opr_sanity database regex
ok 42        + geometry                                  326 ms
ok 43        + horology                                  252 ms
ok 44        + tstypes                                   168 ms
ok 45        + regex                                    1166 ms
ok 46        + type_sanity                               307 ms
ok 47        + opr_sanity                                556 ms
ok 48        + misc_sanity                                47 ms
ok 49        + comments                                   56 ms
ok 50        + expressions                               190 ms
ok 51        + unicode                                   119 ms
ok 52        + xid                                       204 ms
ok 53        + mvcc                                      157 ms
ok 54        + database                                 1114 ms
ok 55        + stats_import                              400 ms
ok 56        + encoding                                  241 ms
ok 57        + euc_kr                                     52 ms
# parallel group (6 tests):  copyencoding copyselect copydml copy insert_conflict insert
ok 58        + copy                                      213 ms
ok 59        + copyselect                                 58 ms
ok 60        + copydml                                    88 ms
ok 61        + copyencoding                               42 ms
ok 62        + insert                                    689 ms
ok 63        + insert_conflict                           356 ms
# parallel group (7 tests):  create_function_c create_operator create_schema create_type create_procedure create_misc create_table
ok 64        + create_function_c                          22 ms
ok 65        + create_misc                               157 ms
ok 66        + create_operator                            54 ms
ok 67        + create_procedure                          125 ms
ok 68        + create_table                              650 ms
ok 69        + create_type                               114 ms
ok 70        + create_schema                              72 ms
# parallel group (5 tests):  index_including index_including_gist create_index_spgist create_view create_index
not ok 71    + create_index                             1359 ms
ok 72        + create_index_spgist                       572 ms
ok 73        + create_view                               648 ms
ok 74        + index_including                           433 ms
ok 75        + index_including_gist                      457 ms
# parallel group (16 tests):  create_cast errors hash_func create_aggregate typed_table select roleattributes drop_if_exists create_am infinite_recurse create_function_sql vacuum constraints updatable_views triggers inherit
ok 76        + create_aggregate                          232 ms
ok 77        + create_function_sql                       500 ms
ok 78        + create_cast                               110 ms
ok 79        + constraints                              1627 ms
ok 80        + triggers                                 2265 ms
ok 81        + select                                    268 ms
ok 82        + inherit                                  2326 ms
ok 83        + typed_table                               234 ms
ok 84        + vacuum                                   1029 ms
ok 85        + drop_if_exists                            337 ms
ok 86        + updatable_views                          1845 ms
ok 87        + roleattributes                            276 ms
ok 88        + create_am                                 437 ms
ok 89        + hash_func                                 182 ms
ok 90        + errors                                    172 ms
ok 91        + infinite_recurse                          479 ms
ok 92        - sanity_check                              235 ms
# parallel group (20 tests):  prepared_xacts select_implicit select_having delete case select_distinct_on random namespace select_distinct select_into union portals transactions arrays subselect update aggregates join btree_index hash_index
ok 93        + select_into                               438 ms
not ok 94    + select_distinct                           378 ms
ok 95        + select_distinct_on                        214 ms
ok 96        + select_implicit                           123 ms
ok 97        + select_having                             159 ms
not ok 98    + subselect                                 790 ms
ok 99        + union                                     515 ms
ok 100       + case                                      195 ms
not ok 101   + join                                     1602 ms
ok 102       + aggregates                               1222 ms
ok 103       + transactions                              642 ms
ok 104       + random                                    320 ms
not ok 105   + portals                                   509 ms
ok 106       + arrays                                    738 ms
ok 107       + btree_index                              2016 ms
ok 108       + hash_index                               2165 ms
ok 109       + update                                   1135 ms
ok 110       + delete                                    172 ms
ok 111       + namespace                                 342 ms
ok 112       + prepared_xacts                             80 ms
# parallel group (20 tests):  init_privs security_label drop_operator tablesample object_address collate lock password replica_identity groupingsets matview identity spgist gist join_hash brin gin generated_stored rowsecurity privileges
ok 113       + brin                                     2176 ms
ok 114       + gin                                      2268 ms
ok 115       + gist                                     2059 ms
ok 116       + spgist                                   1942 ms
ok 117       + privileges                               2756 ms
ok 118       + init_privs                                 79 ms
ok 119       + security_label                            196 ms
ok 120       + collate                                   506 ms
ok 121       + matview                                  1678 ms
ok 122       + lock                                      678 ms
ok 123       + replica_identity                         1009 ms
ok 124       + rowsecurity                              2476 ms
ok 125       + object_address                            501 ms
ok 126       + tablesample                               290 ms
ok 127       + groupingsets                             1158 ms
ok 128       + drop_operator                             254 ms
ok 129       + password                                  783 ms
ok 130       + identity                                 1924 ms
ok 131       + generated_stored                         2353 ms
ok 132       + join_hash                                2090 ms
# parallel group (2 tests):  brin_bloom brin_multi
ok 133       + brin_bloom                                144 ms
ok 134       + brin_multi                                433 ms
# parallel group (19 tests):  async tidrangescan dbsize tidscan tid tsrf collate.utf8 alter_operator misc sysviews create_role misc_functions incremental_sort alter_generic create_table_like merge collate.icu.utf8 generated_virtual without_overlaps
ok 135       + create_table_like                         947 ms
ok 136       + alter_generic                             569 ms
ok 137       + alter_operator                            246 ms
ok 138       + misc                                      361 ms
ok 139       + async                                      68 ms
ok 140       + dbsize                                    101 ms
ok 141       + merge                                     969 ms
ok 142       + misc_functions                            412 ms
ok 143       + sysviews                                  358 ms
ok 144       + tsrf                                      200 ms
ok 145       + tid                                       173 ms
not ok 146   + tidscan                                   170 ms
ok 147       + tidrangescan                               66 ms
ok 148       + collate.utf8                              214 ms
ok 149       + collate.icu.utf8                         1115 ms
not ok 150   + incremental_sort                          474 ms
ok 151       + create_role                               361 ms
ok 152       + without_overlaps                         1654 ms
ok 153       + generated_virtual                        1277 ms
# parallel group (8 tests):  collate.linux.utf8 collate.windows.win1252 amutils psql_crosstab psql_pipeline psql rules stats_ext
ok 154       + rules                                     694 ms
ok 155       + psql                                      668 ms
ok 156       + psql_crosstab                              67 ms
ok 157       + psql_pipeline                              95 ms
ok 158       + amutils                                    49 ms
ok 159       + stats_ext                                3273 ms
ok 160       + collate.linux.utf8                         23 ms
ok 161       + collate.windows.win1252                    23 ms
ok 162       - select_parallel                           570 ms
ok 163       - write_parallel                             67 ms
ok 164       - vacuum_parallel                           131 ms
ok 165       - maintain_every                             45 ms
# parallel group (2 tests):  subscription publication
ok 166       + publication                               877 ms
ok 167       + subscription                              120 ms
# parallel group (17 tests):  combocid portals_p2 advisory_lock xmlmap guc indirect_toast dependency equivclass functional_deps select_views tsdicts bitmapops tsearch window cluster foreign_data foreign_key
ok 168       + select_views                              571 ms
ok 169       + portals_p2                                223 ms
ok 170       + foreign_key                              2809 ms
ok 171       + cluster                                  1024 ms
ok 172       + dependency                                501 ms
ok 173       + guc                                       397 ms
ok 174       + bitmapops                                 835 ms
ok 175       + combocid                                  102 ms
ok 176       + tsearch                                   980 ms
ok 177       + tsdicts                                   693 ms
ok 178       + foreign_data                             1696 ms
ok 179       + window                                    981 ms
ok 180       + xmlmap                                    365 ms
ok 181       + functional_deps                           543 ms
ok 182       + advisory_lock                             251 ms
ok 183       + indirect_toast                            474 ms
ok 184       + equivclass                                538 ms
# parallel group (9 tests):  json_encoding jsonpath_encoding jsonpath sqljson_jsontable json sqljson_queryfuncs sqljson jsonb_jsonpath jsonb
ok 185       + json                                      233 ms
ok 186       + jsonb                                     446 ms
ok 187       + json_encoding                              33 ms
ok 188       + jsonpath                                  160 ms
ok 189       + jsonpath_encoding                          67 ms
ok 190       + jsonb_jsonpath                            355 ms
ok 191       + sqljson                                   278 ms
ok 192       + sqljson_queryfuncs                        267 ms
ok 193       + sqljson_jsontable                         195 ms
# parallel group (18 tests):  prepare limit plancache conversion largeobject returning copy2 rowtypes sequence with temp truncate polymorphism rangefuncs domain xml plpgsql alter_table
ok 194       + plancache                                 412 ms
not ok 195   + limit                                     339 ms
ok 196       + plpgsql                                  1798 ms
ok 197       + copy2                                     681 ms
ok 198       + temp                                      981 ms
ok 199       + domain                                   1209 ms
ok 200       + rangefuncs                               1026 ms
ok 201       + prepare                                    75 ms
ok 202       + conversion                                437 ms
ok 203       + truncate                                  989 ms
ok 204       + alter_table                              3341 ms
ok 205       + sequence                                  771 ms
ok 206       + polymorphism                             1000 ms
ok 207       + rowtypes                                  725 ms
ok 208       + returning                                 556 ms
ok 209       + largeobject                               545 ms
ok 210       + with                                      862 ms
ok 211       + xml                                      1361 ms
# parallel group (13 tests):  numa hash_part predicate reloptions explain partition_info memoize partition_aggregate tuplesort partition_prune partition_join indexing stats
not ok 212   + partition_join                           2102 ms
not ok 213   + partition_prune                          1767 ms
ok 214       + reloptions                                186 ms
ok 215       + hash_part                                 140 ms
ok 216       + indexing                                 2428 ms
not ok 217   + partition_aggregate                      1048 ms
ok 218       + partition_info                            267 ms
ok 219       + tuplesort                                1151 ms
ok 220       + explain                                   200 ms
not ok 221   + memoize                                   386 ms
ok 222       + stats                                    2902 ms
ok 223       + predicate                                 150 ms
ok 224       + numa                                       18 ms
# parallel group (2 tests):  compression_pglz compression
ok 225       + compression                               250 ms
ok 226       + compression_pglz                           22 ms
# parallel group (2 tests):  oidjoins event_trigger
ok 227       + oidjoins                                  350 ms
ok 228       + event_trigger                             433 ms
ok 229       - event_trigger_login                        39 ms
ok 230       - fast_default                              349 ms
ok 231       - tablespace                                738 ms
1..231
# 12 of 231 tests failed.
# The differences that caused some tests to fail can be viewed in the file "/home/ubuntu/pgrust/benchmarks/pgx/results/vps-d2a3c460-727f31e49f/regress/regression.diffs".
# A copy of the test summary that you see above is saved in the file "/home/ubuntu/pgrust/benchmarks/pgx/results/vps-d2a3c460-727f31e49f/regress/regression.out".
