# using postmaster on /tmp/pgxbench-mskm55ez, port 54330
ok 1         - test_setup                                242 ms
# parallel group (20 tests):  char varchar oid name int2 txid int4 text pg_lsn boolean money regproc float4 int8 float8 bit enum uuid numeric rangetypes
ok 2         + boolean                                    75 ms
ok 3         + char                                       53 ms
ok 4         + name                                       64 ms
ok 5         + varchar                                    53 ms
ok 6         + text                                       70 ms
ok 7         + int2                                       65 ms
ok 8         + int4                                       67 ms
ok 9         + int8                                       77 ms
ok 10        + oid                                        57 ms
ok 11        + float4                                     75 ms
ok 12        + float8                                     80 ms
ok 13        + bit                                        86 ms
ok 14        + numeric                                   157 ms
ok 15        + txid                                       63 ms
ok 16        + uuid                                       93 ms
ok 17        + enum                                       86 ms
ok 18        + money                                      67 ms
ok 19        + rangetypes                                212 ms
ok 20        + pg_lsn                                     61 ms
ok 21        + regproc                                    61 ms
# parallel group (20 tests):  md5 lseg line path point circle time macaddr numerology timetz macaddr8 inet date interval strings polygon box multirangetypes timestamp timestamptz
ok 22        + strings                                   229 ms
ok 23        + md5                                       120 ms
ok 24        + numerology                                159 ms
ok 25        + point                                     144 ms
ok 26        + lseg                                      125 ms
ok 27        + line                                      132 ms
ok 28        + box                                       248 ms
ok 29        + path                                      135 ms
ok 30        + polygon                                   234 ms
ok 31        + circle                                    136 ms
ok 32        + date                                      164 ms
ok 33        + time                                      134 ms
ok 34        + timetz                                    143 ms
ok 35        + timestamp                                 466 ms
ok 36        + timestamptz                               471 ms
ok 37        + interval                                  144 ms
ok 38        + inet                                      107 ms
ok 39        + macaddr                                    53 ms
ok 40        + macaddr8                                   55 ms
ok 41        + multirangetypes                           160 ms
# parallel group (16 tests):  misc_sanity euc_kr comments unicode mvcc expressions encoding type_sanity xid tstypes geometry horology stats_import opr_sanity regex database
ok 42        + geometry                                  101 ms
ok 43        + horology                                  114 ms
ok 44        + tstypes                                    95 ms
ok 45        + regex                                     293 ms
ok 46        + type_sanity                                78 ms
ok 47        + opr_sanity                                242 ms
ok 48        + misc_sanity                                26 ms
ok 49        + comments                                   34 ms
ok 50        + expressions                                73 ms
ok 51        + unicode                                    37 ms
ok 52        + xid                                        76 ms
ok 53        + mvcc                                       62 ms
ok 54        + database                                  408 ms
ok 55        + stats_import                              125 ms
ok 56        + encoding                                   72 ms
ok 57        + euc_kr                                     25 ms
# parallel group (6 tests):  copyencoding copyselect copydml copy insert_conflict insert
ok 58        + copy                                       92 ms
ok 59        + copyselect                                 37 ms
ok 60        + copydml                                    42 ms
ok 61        + copyencoding                               28 ms
ok 62        + insert                                    198 ms
ok 63        + insert_conflict                           112 ms
# parallel group (7 tests):  create_function_c create_operator create_type create_schema create_procedure create_misc create_table
ok 64        + create_function_c                          21 ms
ok 65        + create_misc                                45 ms
ok 66        + create_operator                            30 ms
ok 67        + create_procedure                           41 ms
ok 68        + create_table                              157 ms
ok 69        + create_type                                37 ms
ok 70        + create_schema                              38 ms
# parallel group (5 tests):  index_including index_including_gist create_view create_index_spgist create_index
not ok 71    + create_index                              394 ms
ok 72        + create_index_spgist                       208 ms
ok 73        + create_view                               167 ms
ok 74        + index_including                           141 ms
ok 75        + index_including_gist                      149 ms
# parallel group (16 tests):  create_cast hash_func create_aggregate roleattributes errors select drop_if_exists typed_table create_function_sql create_am infinite_recurse vacuum constraints updatable_views triggers inherit
ok 76        + create_aggregate                           60 ms
ok 77        + create_function_sql                       140 ms
ok 78        + create_cast                                38 ms
ok 79        + constraints                               373 ms
ok 80        + triggers                                  469 ms
ok 81        + select                                     72 ms
ok 82        + inherit                                   526 ms
ok 83        + typed_table                                89 ms
ok 84        + vacuum                                    298 ms
ok 85        + drop_if_exists                             82 ms
ok 86        + updatable_views                           380 ms
ok 87        + roleattributes                             64 ms
ok 88        + create_am                                 140 ms
ok 89        + hash_func                                  51 ms
ok 90        + errors                                     63 ms
ok 91        + infinite_recurse                          217 ms
ok 92        - sanity_check                              138 ms
# parallel group (20 tests):  prepared_xacts select_having delete select_distinct_on select_implicit case random namespace select_into select_distinct union portals transactions subselect arrays update aggregates join hash_index btree_index
ok 93        + select_into                                96 ms
not ok 94    + select_distinct                           129 ms
ok 95        + select_distinct_on                         69 ms
ok 96        + select_implicit                            78 ms
ok 97        + select_having                              62 ms
not ok 98    + subselect                                 233 ms
ok 99        + union                                     161 ms
ok 100       + case                                       80 ms
not ok 101   + join                                      455 ms
ok 102       + aggregates                                387 ms
ok 103       + transactions                              173 ms
ok 104       + random                                     83 ms
not ok 105   + portals                                   170 ms
ok 106       + arrays                                    245 ms
ok 107       + btree_index                               661 ms
ok 108       + hash_index                                512 ms
ok 109       + update                                    304 ms
ok 110       + delete                                     61 ms
ok 111       + namespace                                  83 ms
ok 112       + prepared_xacts                             47 ms
# parallel group (20 tests):  init_privs drop_operator security_label tablesample lock password object_address replica_identity groupingsets collate matview spgist identity gist rowsecurity generated_stored gin join_hash brin privileges
ok 113       + brin                                      713 ms
ok 114       + gin                                       635 ms
ok 115       + gist                                      480 ms
ok 116       + spgist                                    420 ms
ok 117       + privileges                                834 ms
ok 118       + init_privs                                 29 ms
ok 119       + security_label                            119 ms
ok 120       + collate                                   256 ms
ok 121       + matview                                   363 ms
ok 122       + lock                                      148 ms
ok 123       + replica_identity                          224 ms
ok 124       + rowsecurity                               524 ms
ok 125       + object_address                            197 ms
ok 126       + tablesample                               128 ms
ok 127       + groupingsets                              249 ms
ok 128       + drop_operator                              80 ms
ok 129       + password                                  157 ms
ok 130       + identity                                  411 ms
ok 131       + generated_stored                          517 ms
ok 132       + join_hash                                 694 ms
# parallel group (2 tests):  brin_bloom brin_multi
ok 133       + brin_bloom                                 59 ms
ok 134       + brin_multi                                130 ms
# parallel group (19 tests):  async dbsize tidscan tidrangescan tid collate.utf8 tsrf alter_operator misc create_role incremental_sort alter_generic sysviews misc_functions merge create_table_like generated_virtual collate.icu.utf8 without_overlaps
ok 135       + create_table_like                         259 ms
ok 136       + alter_generic                             147 ms
ok 137       + alter_operator                             89 ms
ok 138       + misc                                      107 ms
ok 139       + async                                      39 ms
ok 140       + dbsize                                     55 ms
ok 141       + merge                                     252 ms
ok 142       + misc_functions                            187 ms
ok 143       + sysviews                                  179 ms
ok 144       + tsrf                                       85 ms
ok 145       + tid                                        82 ms
not ok 146   + tidscan                                    73 ms
ok 147       + tidrangescan                               74 ms
ok 148       + collate.utf8                               82 ms
ok 149       + collate.icu.utf8                          310 ms
not ok 150   + incremental_sort                          126 ms
ok 151       + create_role                               103 ms
ok 152       + without_overlaps                          418 ms
ok 153       + generated_virtual                         296 ms
# parallel group (8 tests):  collate.windows.win1252 collate.linux.utf8 amutils psql_crosstab psql_pipeline rules psql stats_ext
ok 154       + rules                                     171 ms
ok 155       + psql                                      195 ms
ok 156       + psql_crosstab                              26 ms
ok 157       + psql_pipeline                              36 ms
ok 158       + amutils                                    20 ms
ok 159       + stats_ext                                 969 ms
ok 160       + collate.linux.utf8                         14 ms
ok 161       + collate.windows.win1252                    13 ms
ok 162       - select_parallel                           260 ms
ok 163       - write_parallel                             26 ms
ok 164       - vacuum_parallel                            66 ms
ok 165       - maintain_every                             17 ms
# parallel group (2 tests):  subscription publication
ok 166       + publication                               186 ms
ok 167       + subscription                               40 ms
# parallel group (17 tests):  portals_p2 advisory_lock combocid xmlmap functional_deps dependency select_views tsdicts equivclass guc indirect_toast window tsearch bitmapops cluster foreign_data foreign_key
ok 168       + select_views                               88 ms
ok 169       + portals_p2                                 50 ms
ok 170       + foreign_key                               610 ms
ok 171       + cluster                                   245 ms
ok 172       + dependency                                 86 ms
ok 173       + guc                                       109 ms
ok 174       + bitmapops                                 226 ms
ok 175       + combocid                                   55 ms
ok 176       + tsearch                                   180 ms
ok 177       + tsdicts                                    86 ms
ok 178       + foreign_data                              312 ms
ok 179       + window                                    162 ms
ok 180       + xmlmap                                     65 ms
ok 181       + functional_deps                            70 ms
ok 182       + advisory_lock                              53 ms
ok 183       + indirect_toast                            113 ms
ok 184       + equivclass                                 85 ms
# parallel group (9 tests):  jsonpath_encoding json_encoding jsonpath sqljson sqljson_jsontable json sqljson_queryfuncs jsonb_jsonpath jsonb
ok 185       + json                                       60 ms
ok 186       + jsonb                                     119 ms
ok 187       + json_encoding                              17 ms
ok 188       + jsonpath                                   29 ms
ok 189       + jsonpath_encoding                          15 ms
ok 190       + jsonb_jsonpath                             71 ms
ok 191       + sqljson                                    45 ms
ok 192       + sqljson_queryfuncs                         61 ms
ok 193       + sqljson_jsontable                          45 ms
# parallel group (18 tests):  prepare limit plancache conversion returning rowtypes sequence polymorphism copy2 with temp rangefuncs largeobject truncate domain xml plpgsql alter_table
ok 194       + plancache                                  99 ms
not ok 195   + limit                                      88 ms
ok 196       + plpgsql                                   398 ms
ok 197       + copy2                                     215 ms
ok 198       + temp                                      228 ms
ok 199       + domain                                    278 ms
ok 200       + rangefuncs                                232 ms
ok 201       + prepare                                    57 ms
ok 202       + conversion                                109 ms
ok 203       + truncate                                  245 ms
ok 204       + alter_table                               740 ms
ok 205       + sequence                                  194 ms
ok 206       + polymorphism                              207 ms
ok 207       + rowtypes                                  174 ms
ok 208       + returning                                 127 ms
ok 209       + largeobject                               239 ms
ok 210       + with                                      212 ms
ok 211       + xml                                       334 ms
# parallel group (13 tests):  numa hash_part predicate reloptions partition_info explain memoize partition_aggregate tuplesort partition_prune partition_join indexing stats
not ok 212   + partition_join                            626 ms
not ok 213   + partition_prune                           394 ms
ok 214       + reloptions                                 59 ms
ok 215       + hash_part                                  44 ms
ok 216       + indexing                                  805 ms
not ok 217   + partition_aggregate                       303 ms
ok 218       + partition_info                             65 ms
ok 219       + tuplesort                                 385 ms
ok 220       + explain                                    73 ms
not ok 221   + memoize                                   126 ms
ok 222       + stats                                     954 ms
ok 223       + predicate                                  50 ms
ok 224       + numa                                       25 ms
# parallel group (2 tests):  compression_pglz compression
ok 225       + compression                                72 ms
ok 226       + compression_pglz                           13 ms
# parallel group (2 tests):  oidjoins event_trigger
ok 227       + oidjoins                                  108 ms
ok 228       + event_trigger                             124 ms
ok 229       - event_trigger_login                        25 ms
ok 230       - fast_default                               85 ms
ok 231       - tablespace                                166 ms
1..231
# 12 of 231 tests failed.
# The differences that caused some tests to fail can be viewed in the file "/Users/alex/GPT/postgresrun/pgrust-pgx/benchmarks/pgx/results/phase1a-7a7c305df8/5-memory-sizing/regress/regression.diffs".
# A copy of the test summary that you see above is saved in the file "/Users/alex/GPT/postgresrun/pgrust-pgx/benchmarks/pgx/results/phase1a-7a7c305df8/5-memory-sizing/regress/regression.out".
