=== memory  02:05:33
MB; transparent huge pages: {'enabled': 'madvise', 'defrag': 'madvise'}
PostgreSQL 18 (stock)              pss=  17.3  anon=   0.5 file=  4.7 shmem= 12.1  rss=  31.8  thp=  0.0  threads=1
PgRust defaults                    pss=  80.6  anon=  50.6 file= 30.1 shmem=  0.0  rss=  84.3  thp=  4.0  threads=30
+ max_parallel_workers=0           pss=  70.4  anon=  40.4 file= 30.0 shmem=  0.0  rss=  74.1  thp=  4.0  threads=14
+ pgrust.runtime=off               pss=  65.3  anon=  35.9 file= 29.4 shmem=  0.0  rss=  69.0  thp=  4.0  threads=8
+ shared_buffers=16MB              pss=  53.7  anon=  24.4 file= 29.4 shmem=  0.0  rss=  57.4  thp=  4.0  threads=8
+ wal_buffers=64kB                 pss=  52.9  anon=  23.7 file= 29.2 shmem=  0.0  rss=  56.6  thp=  4.0  threads=8
+ max_connections=20               pss=  49.7  anon=  19.8 file= 29.9 shmem=  0.0  rss=  53.4  thp=  4.0  threads=8
+ replication off                  pss=  48.8  anon=  18.9 file= 29.9 shmem=  0.0  rss=  52.5  thp=  4.0  threads=7
PGX profile (configs/pgx-ephemeral.conf) pss=  49.0  anon=  19.1 file= 30.0 shmem=  0.0  rss=  52.8  thp=  4.0  threads=7

PgRust defaults, PSS by mapping kind:
     39.5 MB     3 mappings  [anon:mimalloc]
     30.9 MB     4 mappings  server binary (text+data)
      7.1 MB    14 mappings  anonymous, mapping >= 64 MB
      2.1 MB   215 mappings  other files and libraries
      1.0 MB   119 mappings  anonymous, mapping < 1 MB

PGX profile, PSS by mapping kind:
     30.9 MB     4 mappings  server binary (text+data)
     14.0 MB     2 mappings  [anon:mimalloc]
      2.1 MB   215 mappings  other files and libraries
      1.0 MB     3 mappings  anonymous, mapping >= 64 MB
      0.7 MB    37 mappings  anonymous, mapping < 1 MB
MB; transparent huge pages: {'enabled': 'madvise', 'defrag': 'madvise'}
PostgreSQL 18 (stock)              pss=  17.4  anon=   0.5 file=  4.9 shmem= 12.1  rss=  31.8  thp=  0.0  threads=1
PgRust defaults                    pss=  77.1  anon=  47.7 file= 29.4 shmem=  0.0  rss=  80.8  thp=  0.0  threads=30
+ max_parallel_workers=0           pss=  66.8  anon=  37.1 file= 29.7 shmem=  0.0  rss=  70.5  thp=  0.0  threads=14
+ pgrust.runtime=off               pss=  62.1  anon=  32.6 file= 29.5 shmem=  0.0  rss=  65.8  thp=  0.0  threads=8
+ shared_buffers=16MB              pss=  50.6  anon=  21.3 file= 29.3 shmem=  0.0  rss=  54.3  thp=  0.0  threads=8
+ wal_buffers=64kB                 pss=  50.5  anon=  20.5 file= 30.0 shmem=  0.0  rss=  54.1  thp=  0.0  threads=8
+ max_connections=20               pss=  46.7  anon=  16.9 file= 29.8 shmem=  0.0  rss=  50.4  thp=  0.0  threads=8
+ replication off                  pss=  44.9  anon=  15.7 file= 29.2 shmem=  0.0  rss=  48.6  thp=  0.0  threads=7
PGX profile (configs/pgx-ephemeral.conf) pss=  45.1  anon=  15.7 file= 29.4 shmem=  0.0  rss=  48.8  thp=  0.0  threads=7

PgRust defaults, PSS by mapping kind:
     36.6 MB     4 mappings  [anon:mimalloc]
     30.2 MB     4 mappings  server binary (text+data)
      7.1 MB    12 mappings  anonymous, mapping >= 64 MB
      2.1 MB   215 mappings  other files and libraries
      1.0 MB   121 mappings  anonymous, mapping < 1 MB

PGX profile, PSS by mapping kind:
     30.3 MB     4 mappings  server binary (text+data)
     10.7 MB     2 mappings  [anon:mimalloc]
      2.1 MB   215 mappings  other files and libraries
      1.0 MB     3 mappings  anonymous, mapping >= 64 MB
      0.7 MB    37 mappings  anonymous, mapping < 1 MB
    exit=0
=== scale  02:10:28
n=0     footprint=85 MB threads=8 fds=135  idle cpu mean=0.116% last-minute=0.116%  busy={}
n=100   footprint=93 MB threads=8 fds=42  idle cpu mean=0.849% last-minute=0.849%  busy={'pg:autovacuum l': 0.002, 'postgres': 0.001, 'pg:memwatchdog': 0.001, 'pg:bgworker': 0.001}
n=300   footprint=99 MB threads=8 fds=45  idle cpu mean=2.895% last-minute=2.895%  busy={'postgres': 0.003, 'pg:autovacuum l': 0.002, 'pg:bgworker': 0.001}
n=500   footprint=107 MB threads=8 fds=40  idle cpu mean=4.876% last-minute=4.876%  busy={'postgres': 0.005, 'pg:autovacuum l': 0.005, 'pg:bgworker': 0.001}
n=1000  footprint=128 MB threads=8 fds=41  idle cpu mean=5.398% last-minute=5.008%  busy={'pg:autovacuum l': 0.011, 'postgres': 0.004, 'pg:bgwriter': 0.001, 'pg:memwatchdog': 0.001, 'pg:bgworker': 0.001}
active 5 of 1000: p50=0.64 p99=1.66 ms errors=0 footprint=135 MB cpu=31%
active 20 of 1000: p50=0.64 p99=2.44 ms errors=0 footprint=159 MB cpu=97%
active 50 of 1000: p50=1.53 p99=12.51 ms errors=0 footprint=205 MB cpu=202%
active 100 of 1000: p50=15.62 p99=45.77 ms errors=0 footprint=283 MB cpu=201%
wrote /home/ubuntu/pgrust/benchmarks/pgx/results/vps-d2a3c460-dedfdf9ca5/scale/scale.json
n=0     footprint=87 MB threads=7 fds=131  idle cpu mean=0.083% last-minute=0.083%  busy={}
n=100   footprint=91 MB threads=7 fds=33  idle cpu mean=0.083% last-minute=0.083%  busy={'pg:memwatchdog': 0.002}
n=300   footprint=104 MB threads=7 fds=33  idle cpu mean=0.150% last-minute=0.150%  busy={'pg-timeout-time': 0.001, 'pg:bgworker': 0.001}
n=500   footprint=120 MB threads=7 fds=33  idle cpu mean=0.150% last-minute=0.150%  busy={'pg:memwatchdog': 0.001, 'pg:bgworker': 0.001}
n=1000  footprint=153 MB threads=7 fds=33  idle cpu mean=0.216% last-minute=0.216%  busy={'pg:bgworker': 0.002}
wrote /home/ubuntu/pgrust/benchmarks/pgx/results/vps-d2a3c460-dedfdf9ca5/scale-autovacuum-off/scale.json
    exit=0
=== scale-naptime  02:34:40
n=0     footprint=85 MB threads=8 fds=133  idle cpu mean=0.083% last-minute=0.083%  busy={'pg:memwatchdog': 0.001}
n=100   footprint=93 MB threads=8 fds=37  idle cpu mean=0.116% last-minute=0.116%  busy={'pg:autovacuum l': 0.001}
n=300   footprint=105 MB threads=8 fds=37  idle cpu mean=0.249% last-minute=0.249%  busy={'pg:autovacuum l': 0.002}
n=500   footprint=120 MB threads=8 fds=37  idle cpu mean=0.466% last-minute=0.466%  busy={'pg:autovacuum l': 0.003, 'pg:checkpointer': 0.001, 'pg:bgworker': 0.001}
n=1000  footprint=156 MB threads=8 fds=37  idle cpu mean=1.331% last-minute=1.331%  busy={'pg:autovacuum l': 0.012, 'pg:bgworker': 0.002, 'postgres': 0.001}
wrote /home/ubuntu/pgrust/benchmarks/pgx/results/vps-d2a3c460-dedfdf9ca5/scale-skipidle-naptime60/scale.json
n=0     footprint=86 MB threads=8 fds=131  idle cpu mean=0.083% last-minute=0.083%  busy={'pg:bgworker': 0.001}
n=100   footprint=92 MB threads=8 fds=36  idle cpu mean=0.100% last-minute=0.100%  busy={}
n=300   footprint=104 MB threads=8 fds=36  idle cpu mean=0.150% last-minute=0.150%  busy={'pg:bgworker': 0.001}
n=500   footprint=120 MB threads=8 fds=37  idle cpu mean=0.233% last-minute=0.233%  busy={'pg:bgworker': 0.002, 'pg:autovacuum l': 0.001}
n=1000  footprint=155 MB threads=8 fds=37  idle cpu mean=0.333% last-minute=0.333%  busy={'pg:autovacuum l': 0.003, 'pg:bgworker': 0.002}
wrote /home/ubuntu/pgrust/benchmarks/pgx/results/vps-d2a3c460-dedfdf9ca5/scale-skipidle-naptime300/scale.json
    exit=0
=== cpuagent  02:53:15
noisy=0 refused=0 host cpu=  3.7% quiet p50=0.59 p95=0.84 p99=1.03 max=10.09 ms errors=0 newconn p50=3.71
noisy=1 refused=0 host cpu= 31.0% quiet p50=0.57 p95=0.92 p99=1.88 max=17.36 ms errors=0 newconn p50=5.24
noisy=4 refused=0 host cpu= 84.6% quiet p50=0.79 p95=2.06 p99=3.68 max=17.86 ms errors=0 newconn p50=11.01
noisy=8 refused=0 host cpu= 55.1% quiet p50=0.75 p95=2.67 p99=4.12 max=16.48 ms errors=0 newconn p50=8.23
noisy=16 refused=0 host cpu= 62.5% quiet p50=0.92 p95=3.33 p99=5.36 max=28.22 ms errors=0 newconn p50=8.74
wrote /home/ubuntu/pgrust/benchmarks/pgx/results/vps-d2a3c460-dedfdf9ca5/cpu-noisy/cpu-noisy-one-agent-mix.json
noisy=50 refused=49 host cpu= 30.1% quiet p50=0.5 p95=0.72 p99=1.23 max=26.53 ms errors=0 newconn p50=5.73
wrote /home/ubuntu/pgrust/benchmarks/pgx/results/vps-d2a3c460-dedfdf9ca5/cpu-noisy/cpu-noisy-one-agent-50conns-limit1.json
noisy=50 refused=48 host cpu= 52.6% quiet p50=0.54 p95=0.84 p99=2.09 max=47.03 ms errors=0 newconn p50=6.78
wrote /home/ubuntu/pgrust/benchmarks/pgx/results/vps-d2a3c460-dedfdf9ca5/cpu-noisy/cpu-noisy-one-agent-50conns-limit2.json
noisy=50 refused=45 host cpu= 64.3% quiet p50=0.76 p95=2.62 p99=3.96 max=42.88 ms errors=0 newconn p50=8.53
wrote /home/ubuntu/pgrust/benchmarks/pgx/results/vps-d2a3c460-dedfdf9ca5/cpu-noisy/cpu-noisy-one-agent-50conns-limit5.json
noisy=50 refused=40 host cpu= 60.3% quiet p50=0.85 p95=3.27 p99=5.44 max=22.33 ms errors=0 newconn p50=8.03
wrote /home/ubuntu/pgrust/benchmarks/pgx/results/vps-d2a3c460-dedfdf9ca5/cpu-noisy/cpu-noisy-one-agent-50conns-limit10.json
noisy=50 refused=30 host cpu= 66.1% quiet p50=0.99 p95=3.83 p99=6.23 max=27.22 ms errors=0 newconn p50=9.45
wrote /home/ubuntu/pgrust/benchmarks/pgx/results/vps-d2a3c460-dedfdf9ca5/cpu-noisy/cpu-noisy-one-agent-50conns-limit20.json
noisy=50 refused=0 host cpu= 71.0% quiet p50=1.2 p95=5.32 p99=9.76 max=30.42 ms errors=0 newconn p50=9.28
wrote /home/ubuntu/pgrust/benchmarks/pgx/results/vps-d2a3c460-dedfdf9ca5/cpu-noisy/cpu-noisy-one-agent-50conns-limit50.json
    exit=0
=== workloads  02:59:38
Traceback (most recent call last):
  File "/home/ubuntu/pgrust/benchmarks/pgx/linux/limits.py", line 458, in <module>
    main()
    ~~~~^^
  File "/home/ubuntu/pgrust/benchmarks/pgx/linux/limits.py", line 449, in main
    doc, fname = {"limits": mode_limits, "cgroup": mode_cgroup, "workloads": mode_workloads}[args.mode](args)
                 ~~~~~~~~~~~~~~~~~~~~~~~~~~~~~~~~~~~~~~~~~~~~~~~~~~~~~~~~~~~~~~~~~~~~~~~~~~~~~~~~~~~~~~^^^^^^
  File "/home/ubuntu/pgrust/benchmarks/pgx/linux/limits.py", line 254, in mode_workloads
    h.query(HEAVY_SETUP)
    ~~~~~~~^^^^^^^^^^^^^
  File "/home/ubuntu/pgrust/benchmarks/pgx/pgxbench.py", line 112, in query
    return self._until_ready()
           ~~~~~~~~~~~~~~~~~^^
  File "/home/ubuntu/pgrust/benchmarks/pgx/pgxbench.py", line 91, in _until_ready
    raise ServerNotReady(error)
pgxbench.ServerNotReady: SERROR VERROR C53200 Mout of memory DFailed on request of size 132 in memory context "ExecutorState". HThe session reached pgrust.session_memory_limit. Fmcxt.c L0  
    exit=1
=== analyze  02:59:49
growth   0% status_new_count   stale: est (2033, 2000) act 1   1.21 ms [] | analyzed: est (1920, 2000)   1.26 ms []
growth   0% status_new_join    stale: est (2033, 2000) act 1   6.02 ms ['Seq Scan on accounts'] | analyzed: est (1920, 2000)   6.01 ms ['Seq Scan on accounts']
growth   0% recent_by_account  stale: est (2033, 2000) act 50   1.03 ms ['Bitmap Heap Scan on orders', 'Bitmap Index Scan on orders_account', 'Bitmap Index Scan on orders_status'] | analyzed: est (1920, 2000)   1.11 ms ['Bitmap Heap Scan on orders', 'Bitmap Index Scan on orders_account', 'Bitmap Index Scan on orders_status']
growth  10% status_new_count   stale: est (2238, 22000) act 1   5.57 ms [] | analyzed: est (21289, 22000)   5.21 ms []
growth  10% status_new_join    stale: est (2238, 22000) act 20  14.06 ms ['Seq Scan on accounts'] | analyzed: est (21289, 22000)  12.45 ms ['Seq Scan on accounts']
growth  10% recent_by_account  stale: est (2238, 22000) act 50   1.72 ms ['Bitmap Heap Scan on orders', 'Bitmap Index Scan on orders_account', 'Bitmap Index Scan on orders_status'] | analyzed: est None   4.84 ms []
growth  25% status_new_count   stale: est (2542, 52000) act 1  12.24 ms [] | analyzed: est (52100, 52000)  11.97 ms []
growth  25% status_new_join    stale: est (2542, 52000) act 20  26.39 ms ['Seq Scan on accounts'] | analyzed: est (52100, 52000)  24.57 ms ['Seq Scan on accounts']
growth  25% recent_by_account  stale: est (2542, 52000) act 50   3.09 ms ['Bitmap Heap Scan on orders', 'Bitmap Index Scan on orders_account', 'Bitmap Index Scan on orders_status'] | analyzed: est None   2.52 ms []
growth  50% status_new_count   stale: est (3050, 102000) act 1  20.61 ms [] | analyzed: est (102520, 102000)  21.41 ms []
growth  50% status_new_join    stale: est (3050, 102000) act 20  50.39 ms ['Seq Scan on accounts'] | analyzed: est (102520, 102000)  52.00 ms ['Seq Scan on accounts']
growth  50% recent_by_account  stale: est (3050, 102000) act 50   4.34 ms ['Bitmap Heap Scan on orders', 'Bitmap Index Scan on orders_account', 'Bitmap Index Scan on orders_status'] | analyzed: est None   4.51 ms []
growth 100% status_new_count   stale: est (4067, 202000) act 1  76.07 ms [] | analyzed: est (201413, 202000)  73.85 ms []
growth 100% status_new_join    stale: est (4067, 202000) act 20 109.39 ms ['Seq Scan on accounts'] | analyzed: est (201413, 202000) 118.49 ms ['Seq Scan on accounts']
growth 100% recent_by_account  stale: est (4067, 202000) act 50   7.54 ms ['Bitmap Heap Scan on orders', 'Bitmap Index Scan on orders_account', 'Bitmap Index Scan on orders_status'] | analyzed: est None   6.28 ms []
    exit=0
=== querybench  03:00:02
postgres18-nodur point_select    p50=   0.132 p95=   0.235 p99=   0.419 ms  cpu/op=0.080 ms
postgres18-nodur indexed_lookup  p50=   0.202 p95=   0.290 p99=   0.530 ms  cpu/op=0.100 ms
postgres18-nodur insert          p50=   0.114 p95=   0.197 p99=   0.283 ms  cpu/op=0.080 ms
postgres18-nodur update          p50=   0.133 p95=   0.188 p99=   0.229 ms  cpu/op=0.100 ms
postgres18-nodur delete          p50=   0.198 p95=   0.268 p99=   0.341 ms  cpu/op=0.160 ms
postgres18-nodur simple_join     p50=   0.308 p95=   0.409 p99=   0.445 ms  cpu/op=0.180 ms
postgres18-nodur multi_join      p50=   1.569 p95=   1.927 p99=   2.036 ms  cpu/op=1.500 ms
postgres18-nodur aggregation     p50=  58.035 p95=  64.470 p99=  80.218 ms  cpu/op=55.000 ms
postgres18-nodur sort            p50=  82.894 p95=  87.105 p99=  88.550 ms  cpu/op=75.667 ms
postgres18-nodur jsonb           p50=  40.827 p95=  51.615 p99=  58.297 ms  cpu/op=42.333 ms
postgres18-nodur transaction     p50=   0.357 p95=   0.520 p99=   0.631 ms  cpu/op=0.300 ms
postgres18-nodur copy_10k        p50=   8.791 p95=  10.056 p99=  13.348 ms  cpu/op=9.000 ms
postgres18-nodur create_index    p50= 323.824 p95= 343.548 p99= 350.327 ms  cpu/op=321.000 ms
postgres18-nodur migration       p50=   2.435 p95=   3.152 p99=   3.440 ms  cpu/op=2.000 ms
postgres18-nodur throughput 4 clients: 7662 qps, server 0.00 cores, peak PSS 149 MB
pgx-profile    point_select    p50=   0.247 p95=   0.352 p99=   0.417 ms  cpu/op=0.200 ms
pgx-profile    indexed_lookup  p50=   0.354 p95=   0.467 p99=   0.568 ms  cpu/op=0.280 ms
pgx-profile    insert          p50=   0.164 p95=   0.278 p99=   0.407 ms  cpu/op=0.160 ms
pgx-profile    update          p50=   0.271 p95=   0.375 p99=   0.424 ms  cpu/op=0.240 ms
pgx-profile    delete          p50=   0.300 p95=   0.410 p99=   0.469 ms  cpu/op=0.260 ms
pgx-profile    simple_join     p50=   0.481 p95=   0.661 p99=   0.829 ms  cpu/op=0.400 ms
pgx-profile    multi_join      p50=   1.992 p95=   2.410 p99=   3.220 ms  cpu/op=1.800 ms
pgx-profile    aggregation     p50=  99.713 p95= 109.575 p99= 117.065 ms  cpu/op=100.667 ms
pgx-profile    sort            p50= 180.769 p95= 200.045 p99= 201.602 ms  cpu/op=182.667 ms
pgx-profile    jsonb           p50=  61.363 p95=  70.462 p99=  72.688 ms  cpu/op=62.333 ms
pgx-profile    transaction     p50=   0.671 p95=   0.878 p99=   1.713 ms  cpu/op=0.600 ms
pgx-profile    copy_10k        p50=   8.690 p95=  10.446 p99=  15.798 ms  cpu/op=9.000 ms
pgx-profile    create_index    p50= 414.758 p95= 440.291 p99= 441.070 ms  cpu/op=414.000 ms
pgx-profile    migration       p50=   3.637 p95=   4.287 p99=   4.623 ms  cpu/op=4.000 ms
pgx-profile    throughput 4 clients: 7878 qps, server 1.49 cores, peak PSS 134 MB
pgx-profile-sb128 point_select    p50=   0.175 p95=   0.236 p99=   0.254 ms  cpu/op=0.140 ms
pgx-profile-sb128 indexed_lookup  p50=   0.291 p95=   0.392 p99=   0.456 ms  cpu/op=0.220 ms
pgx-profile-sb128 insert          p50=   0.158 p95=   0.224 p99=   0.302 ms  cpu/op=0.160 ms
pgx-profile-sb128 update          p50=   0.259 p95=   0.389 p99=   0.482 ms  cpu/op=0.240 ms
pgx-profile-sb128 delete          p50=   0.338 p95=   0.502 p99=   0.598 ms  cpu/op=0.300 ms
pgx-profile-sb128 simple_join     p50=   0.368 p95=   0.562 p99=   0.651 ms  cpu/op=0.300 ms
pgx-profile-sb128 multi_join      p50=   1.910 p95=   2.111 p99=   2.379 ms  cpu/op=1.800 ms
pgx-profile-sb128 aggregation     p50=  93.010 p95= 105.642 p99= 111.077 ms  cpu/op=95.000 ms
pgx-profile-sb128 sort            p50= 167.856 p95= 179.184 p99= 207.000 ms  cpu/op=170.000 ms
pgx-profile-sb128 jsonb           p50=  60.568 p95=  67.850 p99=  73.461 ms  cpu/op=61.333 ms
pgx-profile-sb128 transaction     p50=   0.622 p95=   0.764 p99=   0.851 ms  cpu/op=0.520 ms
pgx-profile-sb128 copy_10k        p50=   9.702 p95=  12.036 p99=  18.313 ms  cpu/op=10.000 ms
pgx-profile-sb128 create_index    p50= 368.172 p95= 384.389 p99= 384.668 ms  cpu/op=371.000 ms
pgx-profile-sb128 migration       p50=   3.568 p95=   3.911 p99=   4.102 ms  cpu/op=3.500 ms
pgx-profile-sb128 throughput 4 clients: 8148 qps, server 1.50 cores, peak PSS 212 MB
pgx-profile-runtime point_select    p50=   0.190 p95=   0.288 p99=   0.338 ms  cpu/op=0.160 ms
pgx-profile-runtime indexed_lookup  p50=   0.297 p95=   0.394 p99=   0.473 ms  cpu/op=0.220 ms
pgx-profile-runtime insert          p50=   0.156 p95=   0.227 p99=   0.273 ms  cpu/op=0.120 ms
pgx-profile-runtime update          p50=   0.232 p95=   0.308 p99=   0.364 ms  cpu/op=0.220 ms
pgx-profile-runtime delete          p50=   0.305 p95=   0.418 p99=   0.473 ms  cpu/op=0.260 ms
pgx-profile-runtime simple_join     p50=   0.388 p95=   0.520 p99=   0.616 ms  cpu/op=0.300 ms
pgx-profile-runtime multi_join      p50=   1.977 p95=   2.225 p99=   2.422 ms  cpu/op=2.000 ms
pgx-profile-runtime aggregation     p50=  35.526 p95=  38.981 p99=  49.596 ms  cpu/op=105.000 ms
pgx-profile-runtime sort            p50=  70.984 p95=  75.942 p99=  77.954 ms  cpu/op=195.000 ms
pgx-profile-runtime jsonb           p50=  57.896 p95=  63.853 p99=  68.571 ms  cpu/op=59.000 ms
pgx-profile-runtime transaction     p50=   0.643 p95=   0.825 p99=   0.929 ms  cpu/op=0.560 ms
pgx-profile-runtime copy_10k        p50=  10.308 p95=  12.211 p99=  15.663 ms  cpu/op=10.000 ms
pgx-profile-runtime create_index    p50= 378.425 p95= 403.248 p99= 413.690 ms  cpu/op=376.000 ms
pgx-profile-runtime migration       p50=   4.127 p95=   4.937 p99=   5.038 ms  cpu/op=4.500 ms
pgx-profile-runtime throughput 4 clients: 8200 qps, server 1.53 cores, peak PSS 229 MB
wrote /home/ubuntu/pgrust/benchmarks/pgx/results/vps-d2a3c460-dedfdf9ca5/query-bench/query-bench.json
    exit=0
=== cow-recordsize  03:03:50
clone  1500 MB  mint p50=369 ms  physical/clone=11.1 MB  logical=1009 MB  block-cloned/clone=1010.9 MB
   +1 MB nominal inserted: logical growth 1.1 MB, physical growth 140.3 MB
   +10 MB nominal inserted: logical growth 12.4 MB, physical growth 312.7 MB
   +100 MB nominal inserted: logical growth 123.9 MB, physical growth -8.7 MB
   scatter                logical    +0.3 MB  physical   +65.4 MB  (1.61s)
   index                  logical    +2.2 MB  physical    +2.5 MB  (0.13s)
   migrate                logical    -0.1 MB  physical   +20.9 MB  (0.38s)
wrote /home/ubuntu/pgrust/benchmarks/pgx/results/vps-d2a3c460-dedfdf9ca5/cow-recordsize-16K/cow.json
clone  1500 MB  mint p50=893 ms  physical/clone=20.4 MB  logical=1009 MB  block-cloned/clone=1008.9 MB
   +1 MB nominal inserted: logical growth 1.1 MB, physical growth 1.1 MB
   +10 MB nominal inserted: logical growth 12.4 MB, physical growth 12.5 MB
   +100 MB nominal inserted: logical growth 123.9 MB, physical growth 132.7 MB
   scatter                logical    +0.3 MB  physical   +33.2 MB  (1.41s)
   index                  logical    +2.2 MB  physical    +2.4 MB  (0.13s)
   migrate                logical    -0.1 MB  physical   +20.6 MB  (0.42s)
wrote /home/ubuntu/pgrust/benchmarks/pgx/results/vps-d2a3c460-dedfdf9ca5/cow-recordsize-8K/cow.json
    exit=0
=== cow10g  03:15:40
clone 15000 MB  mint p50=674 ms  physical/clone=13.6 MB  logical=10127 MB  block-cloned/clone=10131.5 MB
   +1 MB nominal inserted: logical growth 1.1 MB, physical growth 2.7 MB
   +10 MB nominal inserted: logical growth 12.4 MB, physical growth 36.3 MB
   +100 MB nominal inserted: logical growth 123.8 MB, physical growth 149.4 MB
   scatter                logical    +0.1 MB  physical  +495.6 MB  (2.94s)
   index                  logical  +112.3 MB  physical  +113.2 MB  (6.06s)
   migrate                logical    +3.8 MB  physical +1058.2 MB  (23.94s)
wrote /home/ubuntu/pgrust/benchmarks/pgx/results/vps-d2a3c460-dedfdf9ca5/cow-10g/cow.json
    exit=0
=== churn  03:52:28
before: 82.1 MB
cycle   1  footprint=94.5 MB rss=98.4 MB threads=9 fds=37 dbs=0 disk=73 MB  (20s + 8s)
cycle   2  footprint=97.2 MB rss=101.1 MB threads=9 fds=37 dbs=0 disk=73 MB  (20s + 8s)
cycle   3  footprint=97.3 MB rss=101.2 MB threads=9 fds=37 dbs=0 disk=73 MB  (20s + 8s)
cycle   4  footprint=98.0 MB rss=101.9 MB threads=9 fds=37 dbs=0 disk=73 MB  (18s + 8s)
cycle   5  footprint=98.6 MB rss=102.4 MB threads=9 fds=37 dbs=0 disk=73 MB  (17s + 9s)
cycle   6  footprint=98.2 MB rss=102.1 MB threads=9 fds=37 dbs=0 disk=73 MB  (17s + 9s)
cycle   7  footprint=98.1 MB rss=102.0 MB threads=9 fds=37 dbs=0 disk=73 MB  (20s + 8s)
cycle   8  footprint=98.3 MB rss=102.2 MB threads=9 fds=37 dbs=0 disk=73 MB  (18s + 8s)
cycle   9  footprint=97.8 MB rss=101.7 MB threads=9 fds=37 dbs=0 disk=73 MB  (20s + 8s)
cycle  10  footprint=98.1 MB rss=102.0 MB threads=9 fds=37 dbs=0 disk=73 MB  (20s + 8s)
cycle  11  footprint=98.7 MB rss=102.5 MB threads=9 fds=37 dbs=0 disk=73 MB  (18s + 8s)
cycle  12  footprint=98.8 MB rss=102.6 MB threads=9 fds=37 dbs=0 disk=73 MB  (20s + 8s)
cycle  13  footprint=99.0 MB rss=102.9 MB threads=9 fds=45 dbs=0 disk=73 MB  (18s + 9s)
cycle  14  footprint=98.1 MB rss=102.0 MB threads=9 fds=37 dbs=0 disk=73 MB  (21s + 8s)
cycle  15  footprint=98.0 MB rss=101.8 MB threads=9 fds=37 dbs=0 disk=73 MB  (19s + 9s)
cycle  16  footprint=99.0 MB rss=102.9 MB threads=9 fds=39 dbs=0 disk=73 MB  (21s + 9s)
cycle  17  footprint=98.4 MB rss=102.3 MB threads=9 fds=37 dbs=0 disk=73 MB  (20s + 8s)
cycle  18  footprint=99.1 MB rss=102.9 MB threads=9 fds=37 dbs=0 disk=73 MB  (17s + 9s)
cycle  19  footprint=98.9 MB rss=102.8 MB threads=9 fds=37 dbs=0 disk=73 MB  (20s + 8s)
cycle  20  footprint=99.5 MB rss=103.4 MB threads=9 fds=38 dbs=0 disk=73 MB  (19s + 8s)
cycle  21  footprint=99.4 MB rss=103.2 MB threads=9 fds=39 dbs=0 disk=73 MB  (20s + 8s)
cycle  22  footprint=99.3 MB rss=103.2 MB threads=9 fds=37 dbs=0 disk=73 MB  (17s + 9s)
cycle  23  footprint=99.9 MB rss=103.7 MB threads=9 fds=38 dbs=0 disk=73 MB  (18s + 9s)
cycle  24  footprint=99.6 MB rss=103.4 MB threads=9 fds=38 dbs=0 disk=73 MB  (18s + 8s)
cycle  25  footprint=99.4 MB rss=103.3 MB threads=9 fds=37 dbs=0 disk=73 MB  (19s + 9s)
cycle  26  footprint=99.9 MB rss=103.8 MB threads=9 fds=38 dbs=0 disk=73 MB  (17s + 9s)
cycle  27  footprint=100.1 MB rss=104.0 MB threads=9 fds=38 dbs=0 disk=73 MB  (20s + 8s)
cycle  28  footprint=98.9 MB rss=102.7 MB threads=9 fds=44 dbs=0 disk=73 MB  (18s + 9s)
cycle  29  footprint=100.1 MB rss=103.9 MB threads=9 fds=37 dbs=0 disk=73 MB  (18s + 8s)
cycle  30  footprint=99.5 MB rss=103.3 MB threads=9 fds=37 dbs=0 disk=73 MB  (19s + 9s)
cycle  31  footprint=100.4 MB rss=104.3 MB threads=9 fds=38 dbs=0 disk=73 MB  (20s + 8s)
cycle  32  footprint=99.9 MB rss=103.7 MB threads=9 fds=37 dbs=0 disk=73 MB  (19s + 8s)
cycle  33  footprint=100.4 MB rss=104.3 MB threads=9 fds=37 dbs=0 disk=73 MB  (19s + 8s)
cycle  34  footprint=100.0 MB rss=103.8 MB threads=9 fds=37 dbs=0 disk=73 MB  (18s + 9s)
cycle  35  footprint=100.6 MB rss=104.4 MB threads=9 fds=37 dbs=0 disk=73 MB  (20s + 8s)
cycle  36  footprint=100.9 MB rss=104.8 MB threads=9 fds=38 dbs=0 disk=73 MB  (20s + 8s)
cycle  37  footprint=100.9 MB rss=104.7 MB threads=9 fds=38 dbs=0 disk=73 MB  (19s + 9s)
cycle  38  footprint=100.9 MB rss=104.7 MB threads=9 fds=37 dbs=0 disk=73 MB  (18s + 9s)
cycle  39  footprint=101.1 MB rss=104.9 MB threads=9 fds=37 dbs=0 disk=73 MB  (20s + 8s)
cycle  40  footprint=100.6 MB rss=104.4 MB threads=9 fds=37 dbs=0 disk=73 MB  (20s + 8s)
cycle  41  footprint=101.3 MB rss=105.1 MB threads=9 fds=37 dbs=0 disk=73 MB  (19s + 8s)
cycle  42  footprint=101.6 MB rss=105.5 MB threads=9 fds=37 dbs=0 disk=73 MB  (19s + 9s)
cycle  43  footprint=101.8 MB rss=105.7 MB threads=9 fds=38 dbs=0 disk=73 MB  (18s + 9s)
cycle  44  footprint=102.0 MB rss=105.9 MB threads=9 fds=37 dbs=0 disk=73 MB  (18s + 9s)
cycle  45  footprint=101.6 MB rss=105.5 MB threads=9 fds=38 dbs=0 disk=73 MB  (18s + 9s)
cycle  46  footprint=102.3 MB rss=106.1 MB threads=9 fds=37 dbs=0 disk=73 MB  (19s + 9s)
cycle  47  footprint=102.4 MB rss=106.2 MB threads=9 fds=37 dbs=0 disk=73 MB  (19s + 8s)
cycle  48  footprint=102.3 MB rss=106.2 MB threads=9 fds=39 dbs=0 disk=73 MB  (18s + 9s)
cycle  49  footprint=103.4 MB rss=107.3 MB threads=9 fds=38 dbs=0 disk=73 MB  (18s + 8s)
cycle  50  footprint=103.8 MB rss=107.7 MB threads=9 fds=37 dbs=0 disk=73 MB  (19s + 8s)
cycle  51  footprint=104.3 MB rss=108.1 MB threads=9 fds=37 dbs=0 disk=73 MB  (18s + 9s)
cycle  52  footprint=104.9 MB rss=108.7 MB threads=9 fds=38 dbs=0 disk=73 MB  (17s + 9s)
cycle  53  footprint=104.4 MB rss=108.3 MB threads=9 fds=38 dbs=0 disk=73 MB  (20s + 8s)
cycle  54  footprint=105.0 MB rss=108.8 MB threads=9 fds=37 dbs=0 disk=73 MB  (20s + 8s)
cycle  55  footprint=105.9 MB rss=109.7 MB threads=9 fds=37 dbs=0 disk=73 MB  (20s + 8s)
cycle  56  footprint=105.3 MB rss=109.2 MB threads=9 fds=37 dbs=0 disk=73 MB  (19s + 9s)
cycle  57  footprint=106.3 MB rss=110.1 MB threads=9 fds=37 dbs=0 disk=73 MB  (18s + 9s)
cycle  58  footprint=106.5 MB rss=110.4 MB threads=9 fds=38 dbs=0 disk=73 MB  (21s + 9s)
cycle  59  footprint=106.0 MB rss=109.9 MB threads=9 fds=37 dbs=0 disk=73 MB  (17s + 9s)
cycle  60  footprint=107.2 MB rss=111.1 MB threads=9 fds=37 dbs=0 disk=73 MB  (18s + 9s)
cycle  61  footprint=107.4 MB rss=111.2 MB threads=9 fds=37 dbs=0 disk=73 MB  (20s + 8s)
cycle  62  footprint=107.5 MB rss=111.4 MB threads=9 fds=38 dbs=0 disk=73 MB  (17s + 9s)
cycle  63  footprint=108.1 MB rss=111.9 MB threads=9 fds=39 dbs=0 disk=73 MB  (18s + 9s)
cycle  64  footprint=108.4 MB rss=112.2 MB threads=9 fds=38 dbs=0 disk=73 MB  (19s + 9s)
cycle  65  footprint=107.9 MB rss=111.8 MB threads=9 fds=37 dbs=0 disk=73 MB  (18s + 8s)
cycle  66  footprint=108.4 MB rss=112.2 MB threads=9 fds=37 dbs=0 disk=73 MB  (20s + 8s)
cycle  67  footprint=108.7 MB rss=112.5 MB threads=9 fds=38 dbs=0 disk=73 MB  (17s + 9s)
cycle  68  footprint=107.6 MB rss=111.5 MB threads=9 fds=37 dbs=0 disk=73 MB  (20s + 8s)
cycle  69  footprint=108.0 MB rss=111.8 MB threads=9 fds=37 dbs=0 disk=73 MB  (20s + 8s)
cycle  70  footprint=108.6 MB rss=112.4 MB threads=9 fds=37 dbs=0 disk=73 MB  (18s + 9s)
cycle  71  footprint=107.7 MB rss=111.6 MB threads=9 fds=37 dbs=0 disk=73 MB  (20s + 8s)
cycle  72  footprint=108.7 MB rss=112.6 MB threads=9 fds=37 dbs=0 disk=73 MB  (17s + 9s)
cycle  73  footprint=108.6 MB rss=112.5 MB threads=9 fds=43 dbs=0 disk=73 MB  (19s + 8s)
cycle  74  footprint=108.1 MB rss=112.0 MB threads=9 fds=37 dbs=0 disk=73 MB  (20s + 8s)
cycle  75  footprint=108.6 MB rss=112.4 MB threads=9 fds=37 dbs=0 disk=73 MB  (19s + 8s)
cycle  76  footprint=108.5 MB rss=112.4 MB threads=9 fds=37 dbs=0 disk=73 MB  (20s + 8s)
cycle  77  footprint=108.3 MB rss=112.2 MB threads=9 fds=37 dbs=0 disk=73 MB  (20s + 9s)
cycle  78  footprint=108.1 MB rss=111.9 MB threads=9 fds=37 dbs=0 disk=73 MB  (18s + 9s)
cycle  79  footprint=108.5 MB rss=112.4 MB threads=9 fds=38 dbs=0 disk=73 MB  (20s + 8s)
cycle  80  footprint=108.3 MB rss=112.2 MB threads=9 fds=37 dbs=0 disk=73 MB  (20s + 8s)
cycle  81  footprint=107.9 MB rss=111.7 MB threads=9 fds=37 dbs=0 disk=73 MB  (16s + 9s)
cycle  82  footprint=107.9 MB rss=111.7 MB threads=9 fds=37 dbs=0 disk=73 MB  (17s + 8s)
cycle  83  footprint=107.9 MB rss=111.7 MB threads=9 fds=37 dbs=0 disk=73 MB  (18s + 9s)
cycle  84  footprint=108.5 MB rss=112.4 MB threads=9 fds=37 dbs=0 disk=73 MB  (18s + 9s)
cycle  85  footprint=107.3 MB rss=111.2 MB threads=9 fds=37 dbs=0 disk=73 MB  (20s + 8s)
cycle  86  footprint=108.0 MB rss=111.8 MB threads=9 fds=37 dbs=0 disk=73 MB  (18s + 9s)
cycle  87  footprint=107.1 MB rss=110.9 MB threads=9 fds=37 dbs=0 disk=73 MB  (20s + 8s)
cycle  88  footprint=108.1 MB rss=112.0 MB threads=9 fds=38 dbs=0 disk=73 MB  (18s + 9s)
cycle  89  footprint=108.0 MB rss=111.9 MB threads=9 fds=37 dbs=0 disk=73 MB  (18s + 9s)
cycle  90  footprint=108.2 MB rss=112.0 MB threads=9 fds=38 dbs=0 disk=73 MB  (18s + 9s)
cycle  91  footprint=108.3 MB rss=112.2 MB threads=9 fds=38 dbs=0 disk=73 MB  (18s + 9s)
cycle  92  footprint=107.7 MB rss=111.6 MB threads=9 fds=37 dbs=0 disk=73 MB  (19s + 8s)
cycle  93  footprint=108.4 MB rss=112.3 MB threads=9 fds=38 dbs=0 disk=73 MB  (20s + 8s)
cycle  94  footprint=108.5 MB rss=112.3 MB threads=9 fds=38 dbs=0 disk=73 MB  (19s + 9s)
cycle  95  footprint=108.2 MB rss=112.0 MB threads=9 fds=37 dbs=0 disk=73 MB  (20s + 8s)
cycle  96  footprint=108.1 MB rss=112.0 MB threads=9 fds=38 dbs=0 disk=73 MB  (17s + 9s)
cycle  97  footprint=108.8 MB rss=112.6 MB threads=9 fds=38 dbs=0 disk=73 MB  (21s + 9s)
cycle  98  footprint=108.7 MB rss=112.6 MB threads=9 fds=38 dbs=0 disk=73 MB  (19s + 9s)
cycle  99  footprint=108.6 MB rss=112.4 MB threads=9 fds=37 dbs=0 disk=73 MB  (21s + 9s)
cycle 100  footprint=108.8 MB rss=112.7 MB threads=9 fds=38 dbs=0 disk=73 MB  (20s + 9s)
wrote /home/ubuntu/pgrust/benchmarks/pgx/results/vps-d2a3c460-dedfdf9ca5/churn/churn.json
    exit=0
=== limits  04:39:33
none      peak=  1746 MB  solo:ok  bystander errors=0 alive=True panic=False
session   peak=   383 MB  solo:FAIL(0.82s)  bystander errors=0 alive=True panic=False
database  peak=   801 MB  other:ok, shared:FAIL(0.82s), shared:ok  bystander errors=0 alive=True panic=False
runtime   peak=  2007 MB  r1:FAIL(1.44s), r2:FAIL(3.63s), r3:FAIL(1.86s), r4:ok  bystander errors=0 alive=True panic=False
wrote /home/ubuntu/pgrust/benchmarks/pgx/results/vps-d2a3c460-dedfdf9ca5/limits/limits.json
    exit=0
=== regress  04:40:10
create_index           plan_only  plan lines   29  other lines 0
select_distinct        plan_only  plan lines   25  other lines 0
subselect              plan_only  plan lines   61  other lines 0
join                   plan_only  plan lines  212  other lines 0
portals                plan_only  plan lines   16  other lines 0
tidscan                plan_only  plan lines   48  other lines 0
incremental_sort       plan_only  plan lines   41  other lines 0
limit                  plan_only  plan lines   11  other lines 0
partition_join         plan_only  plan lines  150  other lines 0
partition_prune        plan_only  plan lines  331  other lines 0
partition_aggregate    plan_only  plan lines  194  other lines 0
memoize                plan_only  plan lines   39  other lines 0
    exit=0
=== cgroup backstop  04:40:44
limited   session ok=False server alive=True exit=None oom_kills=0 cgroup peak=673.5 MB host avail 6771->6638 MB
unlimited session ok=False server alive=False exit=-9 oom_kills=1 cgroup peak=1024.0 MB host avail 6679->6663 MB
wrote /home/ubuntu/pgrust/benchmarks/pgx/results/vps-d2a3c460-dedfdf9ca5/limits/cgroup.json
