# using postmaster on /tmp/pgxbench-s2p0_v73, port 54330
ok 1         - test_setup                                173 ms
# parallel group (20 tests):  char varchar oid name txid int2 text pg_lsn int4 boolean money regproc int8 float4 float8 bit enum uuid numeric rangetypes
ok 2         + boolean                                    67 ms
ok 3         + char                                       43 ms
ok 4         + name                                       52 ms
ok 5         + varchar                                    45 ms
ok 6         + text                                       60 ms
ok 7         + int2                                       59 ms
ok 8         + int4                                       63 ms
ok 9         + int8                                       69 ms
ok 10        + oid                                        47 ms
ok 11        + float4                                     69 ms
ok 12        + float8                                     73 ms
ok 13        + bit                                        76 ms
ok 14        + numeric                                   150 ms
ok 15        + txid                                       54 ms
ok 16        + uuid                                       85 ms
ok 17        + enum                                       81 ms
ok 18        + money                                      61 ms
ok 19        + rangetypes                                217 ms
ok 20        + pg_lsn                                     56 ms
ok 21        + regproc                                    60 ms
# parallel group (20 tests):  md5 lseg circle path line time point timetz macaddr macaddr8 numerology inet date interval strings polygon box multirangetypes timestamp timestamptz
ok 22        + strings                                   100 ms
ok 23        + md5                                        34 ms
ok 24        + numerology                                 59 ms
ok 25        + point                                      50 ms
ok 26        + lseg                                       36 ms
ok 27        + line                                       44 ms
ok 28        + box                                       124 ms
ok 29        + path                                       42 ms
ok 30        + polygon                                   114 ms
ok 31        + circle                                     40 ms
ok 32        + date                                       64 ms
ok 33        + time                                       45 ms
ok 34        + timetz                                     49 ms
ok 35        + timestamp                                 394 ms
ok 36        + timestamptz                               418 ms
ok 37        + interval                                   65 ms
ok 38        + inet                                       50 ms
ok 39        + macaddr                                    35 ms
ok 40        + macaddr8                                   39 ms
ok 41        + multirangetypes                           118 ms
# parallel group (16 tests):  comments euc_kr misc_sanity unicode mvcc xid expressions encoding type_sanity tstypes geometry horology stats_import opr_sanity regex database
ok 42        + geometry                                   85 ms
ok 43        + horology                                   88 ms
ok 44        + tstypes                                    77 ms
ok 45        + regex                                     253 ms
ok 46        + type_sanity                                74 ms
ok 47        + opr_sanity                                202 ms
ok 48        + misc_sanity                                32 ms
ok 49        + comments                                   24 ms
ok 50        + expressions                                65 ms
ok 51        + unicode                                    42 ms
ok 52        + xid                                        64 ms
ok 53        + mvcc                                       55 ms
ok 54        + database                                  367 ms
ok 55        + stats_import                              111 ms
ok 56        + encoding                                   67 ms
ok 57        + euc_kr                                     25 ms
# parallel group (6 tests):  copyencoding copyselect copydml copy insert_conflict insert
ok 58        + copy                                       66 ms
ok 59        + copyselect                                 26 ms
ok 60        + copydml                                    28 ms
ok 61        + copyencoding                               19 ms
ok 62        + insert                                    164 ms
ok 63        + insert_conflict                            85 ms
# parallel group (7 tests):  create_function_c create_operator create_schema create_type create_procedure create_misc create_table
ok 64        + create_function_c                          14 ms
ok 65        + create_misc                                37 ms
ok 66        + create_operator                            22 ms
ok 67        + create_procedure                           34 ms
ok 68        + create_table                              154 ms
ok 69        + create_type                                29 ms
ok 70        + create_schema                              28 ms
# parallel group (5 tests):  index_including index_including_gist create_view create_index_spgist create_index
not ok 71    + create_index                              428 ms
ok 72        + create_index_spgist                       210 ms
ok 73        + create_view                               163 ms
ok 74        + index_including                           110 ms
ok 75        + index_including_gist                      155 ms
# parallel group (16 tests):  create_cast hash_func errors create_aggregate roleattributes drop_if_exists select typed_table create_function_sql create_am infinite_recurse vacuum constraints updatable_views triggers inherit
ok 76        + create_aggregate                           67 ms
ok 77        + create_function_sql                       140 ms
ok 78        + create_cast                                45 ms
ok 79        + constraints                               369 ms
ok 80        + triggers                                  461 ms
ok 81        + select                                     91 ms
ok 82        + inherit                                   522 ms
ok 83        + typed_table                                98 ms
ok 84        + vacuum                                    274 ms
ok 85        + drop_if_exists                             88 ms
ok 86        + updatable_views                           369 ms
ok 87        + roleattributes                             65 ms
ok 88        + create_am                                 140 ms
ok 89        + hash_func                                  57 ms
ok 90        + errors                                     56 ms
ok 91        + infinite_recurse                          179 ms
ok 92        - sanity_check                               89 ms
# parallel group (20 tests):  prepared_xacts delete select_having select_distinct_on select_implicit case random namespace select_into select_distinct portals union transactions subselect arrays update aggregates join hash_index btree_index
ok 93        + select_into                                76 ms
not ok 94    + select_distinct                            92 ms
ok 95        + select_distinct_on                         52 ms
ok 96        + select_implicit                            57 ms
ok 97        + select_having                              49 ms
not ok 98    + subselect                                 180 ms
ok 99        + union                                     129 ms
ok 100       + case                                       63 ms
not ok 101   + join                                      380 ms
ok 102       + aggregates                                307 ms
ok 103       + transactions                              128 ms
ok 104       + random                                     64 ms
not ok 105   + portals                                   122 ms
ok 106       + arrays                                    180 ms
ok 107       + btree_index                               579 ms
ok 108       + hash_index                                458 ms
ok 109       + update                                    265 ms
ok 110       + delete                                     39 ms
ok 111       + namespace                                  60 ms
ok 112       + prepared_xacts                             28 ms
# parallel group (20 tests):  init_privs security_label drop_operator tablesample password object_address lock collate replica_identity groupingsets matview spgist identity gist generated_stored rowsecurity gin join_hash brin privileges
ok 113       + brin                                      645 ms
ok 114       + gin                                       534 ms
ok 115       + gist                                      406 ms
ok 116       + spgist                                    336 ms
ok 117       + privileges                                783 ms
ok 118       + init_privs                                 34 ms
ok 119       + security_label                             63 ms
ok 120       + collate                                   184 ms
ok 121       + matview                                   333 ms
ok 122       + lock                                      161 ms
ok 123       + replica_identity                          189 ms
ok 124       + rowsecurity                               467 ms
ok 125       + object_address                            152 ms
ok 126       + tablesample                               102 ms
ok 127       + groupingsets                              240 ms
ok 128       + drop_operator                              63 ms
ok 129       + password                                  132 ms
ok 130       + identity                                  338 ms
ok 131       + generated_stored                          443 ms
ok 132       + join_hash                                 622 ms
# parallel group (2 tests):  brin_bloom brin_multi
ok 133       + brin_bloom                                 52 ms
ok 134       + brin_multi                                125 ms
# parallel group (19 tests):  async dbsize tidscan tidrangescan tid collate.utf8 alter_operator tsrf misc create_role incremental_sort alter_generic sysviews misc_functions merge create_table_like generated_virtual collate.icu.utf8 without_overlaps
ok 135       + create_table_like                         275 ms
ok 136       + alter_generic                             158 ms
ok 137       + alter_operator                            106 ms
ok 138       + misc                                      117 ms
ok 139       + async                                      37 ms
ok 140       + dbsize                                     51 ms
ok 141       + merge                                     269 ms
ok 142       + misc_functions                            211 ms
ok 143       + sysviews                                  200 ms
ok 144       + tsrf                                      104 ms
ok 145       + tid                                        98 ms
not ok 146   + tidscan                                    59 ms
ok 147       + tidrangescan                               82 ms
ok 148       + collate.utf8                               86 ms
ok 149       + collate.icu.utf8                          314 ms
not ok 150   + incremental_sort                          123 ms
ok 151       + create_role                               104 ms
ok 152       + without_overlaps                          399 ms
ok 153       + generated_virtual                         302 ms
# parallel group (8 tests):  collate.linux.utf8 collate.windows.win1252 amutils psql_crosstab psql_pipeline rules psql stats_ext
ok 154       + rules                                     173 ms
ok 155       + psql                                      201 ms
ok 156       + psql_crosstab                              27 ms
ok 157       + psql_pipeline                              37 ms
ok 158       + amutils                                    21 ms
ok 159       + stats_ext                                 956 ms
ok 160       + collate.linux.utf8                         16 ms
ok 161       + collate.windows.win1252                    17 ms
ok 162       - select_parallel                           258 ms
ok 163       - write_parallel                             33 ms
ok 164       - vacuum_parallel                            62 ms
ok 165       - maintain_every                             21 ms
# parallel group (2 tests):  subscription publication
ok 166       + publication                               244 ms
ok 167       + subscription                               62 ms
# parallel group (17 tests):  portals_p2 advisory_lock combocid xmlmap functional_deps dependency select_views indirect_toast tsdicts equivclass guc bitmapops window tsearch cluster foreign_data foreign_key
ok 168       + select_views                              129 ms
ok 169       + portals_p2                                 61 ms
ok 170       + foreign_key                               697 ms
ok 171       + cluster                                   260 ms
ok 172       + dependency                                125 ms
ok 173       + guc                                       144 ms
ok 174       + bitmapops                                 189 ms
ok 175       + combocid                                   90 ms
ok 176       + tsearch                                   217 ms
ok 177       + tsdicts                                   135 ms
ok 178       + foreign_data                              368 ms
ok 179       + window                                    202 ms
ok 180       + xmlmap                                     91 ms
ok 181       + functional_deps                            94 ms
ok 182       + advisory_lock                              62 ms
ok 183       + indirect_toast                            122 ms
ok 184       + equivclass                                128 ms
# parallel group (9 tests):  json_encoding jsonpath_encoding jsonpath sqljson_jsontable sqljson json sqljson_queryfuncs jsonb_jsonpath jsonb
ok 185       + json                                       78 ms
ok 186       + jsonb                                     145 ms
ok 187       + json_encoding                              20 ms
ok 188       + jsonpath                                   38 ms
ok 189       + jsonpath_encoding                          20 ms
ok 190       + jsonb_jsonpath                             90 ms
ok 191       + sqljson                                    60 ms
ok 192       + sqljson_queryfuncs                         77 ms
ok 193       + sqljson_jsontable                          58 ms
# parallel group (18 tests):  prepare limit plancache conversion returning rowtypes sequence copy2 temp rangefuncs polymorphism with truncate domain largeobject xml plpgsql alter_table
ok 194       + plancache                                 131 ms
not ok 195   + limit                                     126 ms
ok 196       + plpgsql                                   414 ms
ok 197       + copy2                                     244 ms
ok 198       + temp                                      252 ms
ok 199       + domain                                    299 ms
ok 200       + rangefuncs                                257 ms
ok 201       + prepare                                    67 ms
ok 202       + conversion                                144 ms
ok 203       + truncate                                  274 ms
ok 204       + alter_table                               899 ms
ok 205       + sequence                                  218 ms
ok 206       + polymorphism                              255 ms
ok 207       + rowtypes                                  207 ms
ok 208       + returning                                 162 ms
ok 209       + largeobject                               301 ms
ok 210       + with                                      268 ms
ok 211       + xml                                       393 ms
# parallel group (13 tests):  numa hash_part predicate reloptions partition_info explain memoize partition_aggregate partition_prune tuplesort partition_join indexing stats
not ok 212   + partition_join                            511 ms
not ok 213   + partition_prune                           360 ms
ok 214       + reloptions                                 57 ms
ok 215       + hash_part                                  41 ms
ok 216       + indexing                                  812 ms
not ok 217   + partition_aggregate                       298 ms
ok 218       + partition_info                             58 ms
ok 219       + tuplesort                                 367 ms
ok 220       + explain                                    66 ms
not ok 221   + memoize                                   115 ms
ok 222       + stats                                    1225 ms
ok 223       + predicate                                  44 ms
ok 224       + numa                                       20 ms
# parallel group (2 tests):  compression_pglz compression
ok 225       + compression                                73 ms
ok 226       + compression_pglz                           12 ms
# parallel group (2 tests):  oidjoins event_trigger
ok 227       + oidjoins                                  108 ms
ok 228       + event_trigger                             123 ms
ok 229       - event_trigger_login                        16 ms
ok 230       - fast_default                               83 ms
ok 231       - tablespace                                178 ms
1..231
# 12 of 231 tests failed.
# The differences that caused some tests to fail can be viewed in the file "/Users/alex/GPT/postgresrun/pgrust-pgx/benchmarks/pgx/results/phase1a-7a7c305df8/3d-runtime-off/regress/regression.diffs".
# A copy of the test summary that you see above is saved in the file "/Users/alex/GPT/postgresrun/pgrust-pgx/benchmarks/pgx/results/phase1a-7a7c305df8/3d-runtime-off/regress/regression.out".
