# using postmaster on /tmp/pgxbench-pcvt3cn2, port 54330
ok 1         - test_setup                                180 ms
# parallel group (20 tests):  oid varchar char name int2 int4 txid pg_lsn text money boolean float4 regproc int8 float8 bit enum uuid numeric rangetypes
ok 2         + boolean                                    65 ms
ok 3         + char                                       50 ms
ok 4         + name                                       53 ms
ok 5         + varchar                                    47 ms
ok 6         + text                                       62 ms
ok 7         + int2                                       58 ms
ok 8         + int4                                       59 ms
ok 9         + int8                                       66 ms
ok 10        + oid                                        45 ms
ok 11        + float4                                     62 ms
ok 12        + float8                                     72 ms
ok 13        + bit                                        75 ms
ok 14        + numeric                                   149 ms
ok 15        + txid                                       57 ms
not ok 16    + uuid                                       86 ms
ok 17        + enum                                       80 ms
ok 18        + money                                      59 ms
not ok 19    + rangetypes                                205 ms
ok 20        + pg_lsn                                     55 ms
ok 21        + regproc                                    60 ms
# parallel group (20 tests):  lseg md5 time path line circle point numerology macaddr macaddr8 timetz inet date interval strings polygon box multirangetypes timestamp timestamptz
ok 22        + strings                                   102 ms
ok 23        + md5                                        34 ms
ok 24        + numerology                                 56 ms
ok 25        + point                                      49 ms
ok 26        + lseg                                       33 ms
ok 27        + line                                       40 ms
not ok 28    + box                                       125 ms
ok 29        + path                                       39 ms
ok 30        + polygon                                   116 ms
ok 31        + circle                                     42 ms
ok 32        + date                                       66 ms
ok 33        + time                                       38 ms
ok 34        + timetz                                     58 ms
ok 35        + timestamp                                 400 ms
ok 36        + timestamptz                               424 ms
ok 37        + interval                                   76 ms
not ok 38    + inet                                       60 ms
ok 39        + macaddr                                    48 ms
ok 40        + macaddr8                                   49 ms
ok 41        + multirangetypes                           132 ms
# parallel group (16 tests):  comments misc_sanity euc_kr unicode mvcc expressions xid type_sanity encoding tstypes horology geometry stats_import opr_sanity regex database
not ok 42    + geometry                                   86 ms
ok 43        + horology                                   85 ms
ok 44        + tstypes                                    76 ms
ok 45        + regex                                     241 ms
ok 46        + type_sanity                                72 ms
ok 47        + opr_sanity                                210 ms
ok 48        + misc_sanity                                33 ms
ok 49        + comments                                   28 ms
ok 50        + expressions                                62 ms
ok 51        + unicode                                    36 ms
ok 52        + xid                                        65 ms
ok 53        + mvcc                                       52 ms
ok 54        + database                                  375 ms
ok 55        + stats_import                              106 ms
ok 56        + encoding                                   66 ms
ok 57        + euc_kr                                     26 ms
# parallel group (6 tests):  copyencoding copyselect copydml copy insert_conflict insert
not ok 58    + copy                                       63 ms
ok 59        + copyselect                                 23 ms
ok 60        + copydml                                    26 ms
ok 61        + copyencoding                               17 ms
ok 62        + insert                                    167 ms
ok 63        + insert_conflict                            84 ms
# parallel group (7 tests):  create_function_c create_operator create_schema create_type create_procedure create_misc create_table
ok 64        + create_function_c                          14 ms
ok 65        + create_misc                                39 ms
ok 66        + create_operator                            23 ms
ok 67        + create_procedure                           35 ms
ok 68        + create_table                              157 ms
ok 69        + create_type                                32 ms
ok 70        + create_schema                              26 ms
# parallel group (5 tests):  index_including index_including_gist create_view create_index_spgist create_index
not ok 71    + create_index                              381 ms
ok 72        + create_index_spgist                       206 ms
ok 73        + create_view                               152 ms
ok 74        + index_including                            97 ms
ok 75        + index_including_gist                      139 ms
# parallel group (16 tests):  create_cast errors hash_func create_aggregate roleattributes select drop_if_exists typed_table create_function_sql create_am infinite_recurse vacuum constraints updatable_views triggers inherit
ok 76        + create_aggregate                           55 ms
ok 77        + create_function_sql                       121 ms
ok 78        + create_cast                                37 ms
ok 79        + constraints                               336 ms
ok 80        + triggers                                  453 ms
ok 81        + select                                     65 ms
ok 82        + inherit                                   515 ms
ok 83        + typed_table                                99 ms
not ok 84    + vacuum                                    249 ms
ok 85        + drop_if_exists                             80 ms
ok 86        + updatable_views                           353 ms
ok 87        + roleattributes                             62 ms
ok 88        + create_am                                 125 ms
ok 89        + hash_func                                  50 ms
ok 90        + errors                                     49 ms
ok 91        + infinite_recurse                          148 ms
ok 92        - sanity_check                               95 ms
# parallel group (20 tests):  prepared_xacts delete select_having select_distinct_on select_implicit random case namespace select_into select_distinct union portals transactions subselect arrays update aggregates join hash_index btree_index
ok 93        + select_into                                94 ms
not ok 94    + select_distinct                           106 ms
ok 95        + select_distinct_on                         67 ms
ok 96        + select_implicit                            75 ms
ok 97        + select_having                              63 ms
not ok 98    + subselect                                 211 ms
ok 99        + union                                     136 ms
ok 100       + case                                       82 ms
not ok 101   + join                                      406 ms
ok 102       + aggregates                                333 ms
ok 103       + transactions                              141 ms
ok 104       + random                                     78 ms
not ok 105   + portals                                   139 ms
ok 106       + arrays                                    212 ms
ok 107       + btree_index                               574 ms
ok 108       + hash_index                                490 ms
ok 109       + update                                    292 ms
ok 110       + delete                                     56 ms
ok 111       + namespace                                  76 ms
ok 112       + prepared_xacts                             37 ms
# parallel group (20 tests):  init_privs drop_operator security_label tablesample lock object_address password collate replica_identity groupingsets matview spgist identity gist generated_stored rowsecurity gin join_hash brin privileges
ok 113       + brin                                      768 ms
ok 114       + gin                                       654 ms
ok 115       + gist                                      525 ms
ok 116       + spgist                                    444 ms
ok 117       + privileges                                913 ms
ok 118       + init_privs                                 91 ms
ok 119       + security_label                            161 ms
ok 120       + collate                                   234 ms
ok 121       + matview                                   414 ms
ok 122       + lock                                      197 ms
ok 123       + replica_identity                          241 ms
ok 124       + rowsecurity                               561 ms
ok 125       + object_address                            203 ms
ok 126       + tablesample                               168 ms
not ok 127   + groupingsets                              268 ms
ok 128       + drop_operator                             115 ms
ok 129       + password                                  200 ms
ok 130       + identity                                  406 ms
ok 131       + generated_stored                          480 ms
ok 132       + join_hash                                 682 ms
# parallel group (2 tests):  brin_bloom brin_multi
ok 133       + brin_bloom                                 48 ms
ok 134       + brin_multi                                133 ms
# parallel group (19 tests):  async dbsize tidscan tid tidrangescan alter_operator tsrf collate.utf8 misc create_role incremental_sort alter_generic sysviews misc_functions merge create_table_like generated_virtual collate.icu.utf8 without_overlaps
ok 135       + create_table_like                         234 ms
ok 136       + alter_generic                             119 ms
ok 137       + alter_operator                             71 ms
ok 138       + misc                                       92 ms
ok 139       + async                                      32 ms
ok 140       + dbsize                                     44 ms
ok 141       + merge                                     223 ms
ok 142       + misc_functions                            177 ms
ok 143       + sysviews                                  169 ms
ok 144       + tsrf                                       70 ms
ok 145       + tid                                        60 ms
not ok 146   + tidscan                                    56 ms
ok 147       + tidrangescan                               66 ms
ok 148       + collate.utf8                               69 ms
not ok 149   + collate.icu.utf8                          290 ms
not ok 150   + incremental_sort                          102 ms
ok 151       + create_role                                88 ms
ok 152       + without_overlaps                          408 ms
ok 153       + generated_virtual                         274 ms
# parallel group (8 tests):  collate.windows.win1252 collate.linux.utf8 amutils psql_crosstab psql_pipeline rules psql stats_ext
ok 154       + rules                                     205 ms
ok 155       + psql                                      228 ms
ok 156       + psql_crosstab                              27 ms
ok 157       + psql_pipeline                              37 ms
ok 158       + amutils                                    21 ms
ok 159       + stats_ext                                1070 ms
ok 160       + collate.linux.utf8                         14 ms
ok 161       + collate.windows.win1252                    14 ms
ok 162       - select_parallel                           272 ms
ok 163       - write_parallel                             31 ms
ok 164       - vacuum_parallel                            60 ms
ok 165       - maintain_every                             27 ms
# parallel group (2 tests):  subscription publication
ok 166       + publication                               261 ms
ok 167       + subscription                               46 ms
# parallel group (17 tests):  portals_p2 advisory_lock combocid xmlmap functional_deps dependency select_views tsdicts equivclass guc indirect_toast window bitmapops tsearch cluster foreign_data foreign_key
ok 168       + select_views                              122 ms
ok 169       + portals_p2                                 61 ms
ok 170       + foreign_key                               805 ms
not ok 171   + cluster                                   244 ms
ok 172       + dependency                                117 ms
ok 173       + guc                                       132 ms
ok 174       + bitmapops                                 202 ms
ok 175       + combocid                                   80 ms
ok 176       + tsearch                                   226 ms
ok 177       + tsdicts                                   121 ms
ok 178       + foreign_data                              366 ms
ok 179       + window                                    193 ms
ok 180       + xmlmap                                     82 ms
ok 181       + functional_deps                            99 ms
ok 182       + advisory_lock                              62 ms
ok 183       + indirect_toast                            126 ms
ok 184       + equivclass                                120 ms
# parallel group (9 tests):  jsonpath_encoding json_encoding jsonpath sqljson sqljson_jsontable sqljson_queryfuncs json jsonb_jsonpath jsonb
ok 185       + json                                       67 ms
ok 186       + jsonb                                     130 ms
ok 187       + json_encoding                              20 ms
ok 188       + jsonpath                                   31 ms
ok 189       + jsonpath_encoding                          18 ms
ok 190       + jsonb_jsonpath                             76 ms
ok 191       + sqljson                                    49 ms
ok 192       + sqljson_queryfuncs                         65 ms
ok 193       + sqljson_jsontable                          49 ms
# parallel group (18 tests):  prepare limit plancache conversion rowtypes returning copy2 temp rangefuncs polymorphism sequence truncate with largeobject domain xml plpgsql alter_table
ok 194       + plancache                                 127 ms
not ok 195   + limit                                     115 ms
ok 196       + plpgsql                                   494 ms
ok 197       + copy2                                     220 ms
ok 198       + temp                                      225 ms
ok 199       + domain                                    286 ms
ok 200       + rangefuncs                                234 ms
ok 201       + prepare                                    58 ms
ok 202       + conversion                                126 ms
ok 203       + truncate                                  241 ms
ok 204       + alter_table                               869 ms
ok 205       + sequence                                  236 ms
ok 206       + polymorphism                              232 ms
ok 207       + rowtypes                                  160 ms
not ok 208   + returning                                 161 ms
ok 209       + largeobject                               273 ms
not ok 210   + with                                      262 ms
ok 211       + xml                                       455 ms
# parallel group (13 tests):  numa hash_part predicate reloptions partition_info explain memoize partition_aggregate tuplesort partition_prune partition_join indexing stats
not ok 212   + partition_join                            510 ms
not ok 213   + partition_prune                           411 ms
ok 214       + reloptions                                 55 ms
ok 215       + hash_part                                  40 ms
ok 216       + indexing                                  658 ms
not ok 217   + partition_aggregate                       312 ms
ok 218       + partition_info                             79 ms
ok 219       + tuplesort                                 403 ms
ok 220       + explain                                    88 ms
not ok 221   + memoize                                   112 ms
not ok 222   + stats                                   33241 ms
ok 223       + predicate                                  46 ms
ok 224       + numa                                       19 ms
# parallel group (2 tests):  compression_pglz compression
ok 225       + compression                                94 ms
ok 226       + compression_pglz                           17 ms
# parallel group (2 tests):  oidjoins event_trigger
ok 227       + oidjoins                                  112 ms
ok 228       + event_trigger                             130 ms
ok 229       - event_trigger_login                        19 ms
ok 230       - fast_default                               90 ms
ok 231       - tablespace                                232 ms
1..231
# 25 of 231 tests failed.
# The differences that caused some tests to fail can be viewed in the file "/Users/alex/GPT/postgresrun/pgrust-pgx/benchmarks/pgx/results/phase1a-7a7c305df8/4b-stats-off/regress/regression.diffs".
# A copy of the test summary that you see above is saved in the file "/Users/alex/GPT/postgresrun/pgrust-pgx/benchmarks/pgx/results/phase1a-7a7c305df8/4b-stats-off/regress/regression.out".
