# using postmaster on /tmp/pgxbench-8r1ccja0, port 54351
ok 1         - test_setup                                160 ms
# parallel group (20 tests, in groups of 10):  varchar char oid name int2 text int4 boolean float4 int8 txid pg_lsn money regproc float8 bit enum uuid numeric rangetypes
ok 2         + boolean                                    36 ms
ok 3         + char                                       24 ms
ok 4         + name                                       25 ms
ok 5         + varchar                                    22 ms
ok 6         + text                                       31 ms
ok 7         + int2                                       28 ms
ok 8         + int4                                       32 ms
ok 9         + int8                                       39 ms
ok 10        + oid                                        23 ms
ok 11        + float4                                     33 ms
ok 12        + float8                                     56 ms
ok 13        + bit                                        59 ms
ok 14        + numeric                                   180 ms
ok 15        + txid                                       28 ms
ok 16        + uuid                                       69 ms
ok 17        + enum                                       60 ms
ok 18        + money                                      44 ms
ok 19        + rangetypes                                227 ms
ok 20        + pg_lsn                                     28 ms
ok 21        + regproc                                    47 ms
# parallel group (20 tests, in groups of 10):  md5 lseg point circle numerology path line strings polygon box time macaddr macaddr8 timetz inet date interval multirangetypes timestamp timestamptz
ok 22        + strings                                    93 ms
ok 23        + md5                                        28 ms
ok 24        + numerology                                 43 ms
ok 25        + point                                      39 ms
ok 26        + lseg                                       34 ms
ok 27        + line                                       45 ms
ok 28        + box                                       132 ms
ok 29        + path                                       43 ms
ok 30        + polygon                                   129 ms
ok 31        + circle                                     37 ms
ok 32        + date                                       46 ms
ok 33        + time                                       27 ms
ok 34        + timetz                                     38 ms
ok 35        + timestamp                                 347 ms
ok 36        + timestamptz                               378 ms
ok 37        + interval                                   53 ms
ok 38        + inet                                       40 ms
ok 39        + macaddr                                    27 ms
ok 40        + macaddr8                                   34 ms
ok 41        + multirangetypes                           114 ms
# parallel group (16 tests, in groups of 10):  comments unicode misc_sanity tstypes expressions type_sanity geometry horology opr_sanity regex euc_kr xid encoding mvcc stats_import database
ok 42        + geometry                                   67 ms
ok 43        + horology                                   69 ms
ok 44        + tstypes                                    40 ms
ok 45        + regex                                     251 ms
ok 46        + type_sanity                                60 ms
ok 47        + opr_sanity                                199 ms
ok 48        + misc_sanity                                23 ms
ok 49        + comments                                   16 ms
ok 50        + expressions                                41 ms
ok 51        + unicode                                    22 ms
ok 52        + xid                                        25 ms
ok 53        + mvcc                                       34 ms
ok 54        + database                                  260 ms
ok 55        + stats_import                               78 ms
ok 56        + encoding                                   27 ms
ok 57        + euc_kr                                     12 ms
# parallel group (6 tests):  copyencoding copyselect copydml copy insert_conflict insert
ok 58        + copy                                       84 ms
ok 59        + copyselect                                 25 ms
ok 60        + copydml                                    26 ms
ok 61        + copyencoding                               19 ms
ok 62        + insert                                    212 ms
ok 63        + insert_conflict                           113 ms
# parallel group (7 tests):  create_function_c create_operator create_type create_schema create_procedure create_misc create_table
ok 64        + create_function_c                          13 ms
ok 65        + create_misc                                32 ms
ok 66        + create_operator                            20 ms
ok 67        + create_procedure                           30 ms
ok 68        + create_table                              163 ms
ok 69        + create_type                                25 ms
ok 70        + create_schema                              25 ms
# parallel group (5 tests):  index_including create_view index_including_gist create_index_spgist create_index
ok 71        + create_index                              429 ms
ok 72        + create_index_spgist                       236 ms
ok 73        + create_view                               173 ms
ok 74        + index_including                           170 ms
ok 75        + index_including_gist                      188 ms
# parallel group (16 tests, in groups of 10):  create_cast create_aggregate select drop_if_exists typed_table create_function_sql vacuum constraints triggers inherit roleattributes errors hash_func create_am infinite_recurse updatable_views
ok 76        + create_aggregate                           38 ms
ok 77        + create_function_sql                        87 ms
ok 78        + create_cast                                22 ms
ok 79        + constraints                               293 ms
ok 80        + triggers                                  383 ms
ok 81        + select                                     53 ms
ok 82        + inherit                                   458 ms
ok 83        + typed_table                                75 ms
ok 84        + vacuum                                    204 ms
ok 85        + drop_if_exists                             60 ms
ok 86        + updatable_views                           298 ms
ok 87        + roleattributes                             30 ms
ok 88        + create_am                                 105 ms
ok 89        + hash_func                                  31 ms
ok 90        + errors                                     29 ms
ok 91        + infinite_recurse                          171 ms
ok 92        - sanity_check                              100 ms
# parallel group (20 tests, in groups of 10):  select_having select_distinct_on select_implicit case select_into select_distinct union subselect aggregates join prepared_xacts delete random namespace transactions portals arrays update hash_index btree_index
ok 93        + select_into                                83 ms
not ok 94    + select_distinct                            98 ms
ok 95        + select_distinct_on                         67 ms
ok 96        + select_implicit                            71 ms
ok 97        + select_having                              65 ms
ok 98        + subselect                                 166 ms
ok 99        + union                                     117 ms
ok 100       + case                                       74 ms
ok 101       + join                                      383 ms
ok 102       + aggregates                                303 ms
ok 103       + transactions                               67 ms
ok 104       + random                                     37 ms
not ok 105   + portals                                    67 ms
ok 106       + arrays                                    141 ms
ok 107       + btree_index                               594 ms
ok 108       + hash_index                                352 ms
ok 109       + update                                    224 ms
ok 110       + delete                                     21 ms
ok 111       + namespace                                  42 ms
ok 112       + prepared_xacts                             18 ms
# parallel group (20 tests, in groups of 10):  init_privs security_label lock collate matview brin spgist privileges gist gin drop_operator tablesample password object_address replica_identity groupingsets identity rowsecurity generated_stored join_hash
ok 113       + brin                                      217 ms
ok 114       + gin                                       514 ms
ok 115       + gist                                      384 ms
ok 116       + spgist                                    268 ms
ok 117       + privileges                                337 ms
ok 118       + init_privs                                 21 ms
ok 119       + security_label                             30 ms
ok 120       + collate                                    78 ms
ok 121       + matview                                   198 ms
ok 122       + lock                                       46 ms
ok 123       + replica_identity                          149 ms
ok 124       + rowsecurity                               430 ms
ok 125       + object_address                            102 ms
ok 126       + tablesample                                82 ms
ok 127       + groupingsets                              256 ms
ok 128       + drop_operator                              29 ms
ok 129       + password                                   94 ms
ok 130       + identity                                  336 ms
ok 131       + generated_stored                          437 ms
ok 132       + join_hash                                 730 ms
# parallel group (2 tests):  brin_bloom brin_multi
ok 133       + brin_bloom                                 53 ms
ok 134       + brin_multi                                152 ms
# parallel group (19 tests, in groups of 10):  dbsize async alter_operator tsrf misc alter_generic sysviews misc_functions merge create_table_like tidrangescan tidscan collate.utf8 tid create_role incremental_sort generated_virtual collate.icu.utf8 without_overlaps
ok 135       + create_table_like                         311 ms
ok 136       + alter_generic                             142 ms
ok 137       + alter_operator                             83 ms
ok 138       + misc                                      116 ms
ok 139       + async                                      43 ms
ok 140       + dbsize                                     42 ms
ok 141       + merge                                     289 ms
ok 142       + misc_functions                            243 ms
ok 143       + sysviews                                  226 ms
ok 144       + tsrf                                       82 ms
ok 145       + tid                                        39 ms
ok 146       + tidscan                                    38 ms
ok 147       + tidrangescan                               35 ms
ok 148       + collate.utf8                               37 ms
ok 149       + collate.icu.utf8                          253 ms
not ok 150   + incremental_sort                           69 ms
ok 151       + create_role                                42 ms
ok 152       + without_overlaps                          377 ms
ok 153       + generated_virtual                         247 ms
# parallel group (8 tests):  collate.windows.win1252 collate.linux.utf8 amutils psql_crosstab psql_pipeline rules psql stats_ext
ok 154       + rules                                     165 ms
ok 155       + psql                                      195 ms
ok 156       + psql_crosstab                              28 ms
ok 157       + psql_pipeline                              39 ms
ok 158       + amutils                                    25 ms
ok 159       + stats_ext                                 999 ms
ok 160       + collate.linux.utf8                         16 ms
ok 161       + collate.windows.win1252                    16 ms
not ok 162   - select_parallel                           240 ms
ok 163       - write_parallel                             33 ms
ok 164       - vacuum_parallel                            60 ms
ok 165       - maintain_every                             19 ms
# parallel group (2 tests):  subscription publication
ok 166       + publication                               200 ms
ok 167       + subscription                               32 ms
# parallel group (17 tests, in groups of 10):  portals_p2 combocid tsdicts dependency guc select_views tsearch bitmapops cluster foreign_key advisory_lock functional_deps xmlmap equivclass indirect_toast window foreign_data
ok 168       + select_views                               76 ms
ok 169       + portals_p2                                 39 ms
ok 170       + foreign_key                               693 ms
ok 171       + cluster                                   245 ms
ok 172       + dependency                                 70 ms
ok 173       + guc                                        69 ms
ok 174       + bitmapops                                 239 ms
ok 175       + combocid                                   47 ms
ok 176       + tsearch                                   186 ms
ok 177       + tsdicts                                    58 ms
ok 178       + foreign_data                              308 ms
ok 179       + window                                    128 ms
ok 180       + xmlmap                                     60 ms
ok 181       + functional_deps                            60 ms
ok 182       + advisory_lock                              42 ms
ok 183       + indirect_toast                             98 ms
ok 184       + equivclass                                 71 ms
# parallel group (9 tests):  jsonpath_encoding json_encoding jsonpath sqljson sqljson_jsontable jsonb_jsonpath sqljson_queryfuncs json jsonb
ok 185       + json                                       80 ms
ok 186       + jsonb                                     155 ms
ok 187       + json_encoding                              17 ms
ok 188       + jsonpath                                   28 ms
ok 189       + jsonpath_encoding                          15 ms
ok 190       + jsonb_jsonpath                             72 ms
ok 191       + sqljson                                    41 ms
ok 192       + sqljson_queryfuncs                         78 ms
ok 193       + sqljson_jsontable                          45 ms
# parallel group (18 tests, in groups of 10):  prepare limit plancache conversion copy2 rangefuncs temp truncate domain plpgsql returning sequence rowtypes polymorphism with largeobject xml alter_table
ok 194       + plancache                                  55 ms
ok 195       + limit                                      51 ms
not ok 196   + plpgsql                                   252 ms
ok 197       + copy2                                     118 ms
ok 198       + temp                                      135 ms
ok 199       + domain                                    158 ms
ok 200       + rangefuncs                                121 ms
ok 201       + prepare                                    31 ms
ok 202       + conversion                                 73 ms
ok 203       + truncate                                  146 ms
ok 204       + alter_table                               591 ms
ok 205       + sequence                                  107 ms
ok 206       + polymorphism                              109 ms
ok 207       + rowtypes                                  108 ms
ok 208       + returning                                  77 ms
ok 209       + largeobject                               152 ms
ok 210       + with                                      120 ms
ok 211       + xml                                       268 ms
# parallel group (13 tests, in groups of 10):  hash_part reloptions partition_info explain memoize partition_aggregate partition_prune tuplesort partition_join indexing numa predicate stats
ok 212       + partition_join                            462 ms
not ok 213   + partition_prune                           378 ms
ok 214       + reloptions                                 80 ms
ok 215       + hash_part                                  75 ms
ok 216       + indexing                                  616 ms
not ok 217   + partition_aggregate                       354 ms
ok 218       + partition_info                             87 ms
ok 219       + tuplesort                                 432 ms
ok 220       + explain                                    95 ms
ok 221       + memoize                                    97 ms
not ok 222   + stats                                     742 ms
ok 223       + predicate                                  20 ms
ok 224       + numa                                       12 ms
# parallel group (2 tests):  compression_pglz compression
ok 225       + compression                                67 ms
ok 226       + compression_pglz                           12 ms
# parallel group (2 tests):  oidjoins event_trigger
ok 227       + oidjoins                                  101 ms
ok 228       + event_trigger                             114 ms
ok 229       - event_trigger_login                        17 ms
ok 230       - fast_default                               81 ms
ok 231       - tablespace                                151 ms
1..231
# 8 of 231 tests failed.
# The differences that caused some tests to fail can be viewed in the file "/Users/alex/GPT/postgresrun/pgrust-pgx/benchmarks/pgx/results/phase1a-7a7c305df8/pgx-ephemeral/regress/regression.diffs".
# A copy of the test summary that you see above is saved in the file "/Users/alex/GPT/postgresrun/pgrust-pgx/benchmarks/pgx/results/phase1a-7a7c305df8/pgx-ephemeral/regress/regression.out".
